###############################################################################
#
# IAR ELF Linker V9.30.1.335/W64 for ARM                  31/Oct/2024  00:00:08
# Copyright 2007-2022 IAR Systems AB.
#
#    Output file  =
#        G:\shbashka\enthernet_prj\EWARM\enthernet_prj\Exe\enthernet_prj.out
#    Map file     =
#        G:\shbashka\enthernet_prj\EWARM\enthernet_prj\List\enthernet_prj.map
#    Command line =
#        -f
#        G:\shbashka\enthernet_prj\EWARM\enthernet_prj\Exe\enthernet_prj.out.rsp
#        (G:\shbashka\enthernet_prj\EWARM\enthernet_prj\Obj\Middlewares\LwIP\altcp.o
#        G:\shbashka\enthernet_prj\EWARM\enthernet_prj\Obj\Middlewares\LwIP\altcp_alloc.o
#        G:\shbashka\enthernet_prj\EWARM\enthernet_prj\Obj\Middlewares\LwIP\altcp_tcp.o
#        G:\shbashka\enthernet_prj\EWARM\enthernet_prj\Obj\Middlewares\LwIP\api_lib.o
#        G:\shbashka\enthernet_prj\EWARM\enthernet_prj\Obj\Middlewares\LwIP\api_msg.o
#        G:\shbashka\enthernet_prj\EWARM\enthernet_prj\Obj\Middlewares\LwIP\auth.o
#        G:\shbashka\enthernet_prj\EWARM\enthernet_prj\Obj\Middlewares\LwIP\autoip.o
#        G:\shbashka\enthernet_prj\EWARM\enthernet_prj\Obj\Middlewares\LwIP\bridgeif.o
#        G:\shbashka\enthernet_prj\EWARM\enthernet_prj\Obj\Middlewares\LwIP\bridgeif_fdb.o
#        G:\shbashka\enthernet_prj\EWARM\enthernet_prj\Obj\Middlewares\LwIP\ccp.o
#        G:\shbashka\enthernet_prj\EWARM\enthernet_prj\Obj\Middlewares\LwIP\chap-md5.o
#        G:\shbashka\enthernet_prj\EWARM\enthernet_prj\Obj\Middlewares\LwIP\chap-new.o
#        G:\shbashka\enthernet_prj\EWARM\enthernet_prj\Obj\Middlewares\LwIP\chap_ms.o
#        G:\shbashka\enthernet_prj\EWARM\enthernet_prj\Obj\Middlewares\LwIP\def.o
#        G:\shbashka\enthernet_prj\EWARM\enthernet_prj\Obj\Middlewares\LwIP\demand.o
#        G:\shbashka\enthernet_prj\EWARM\enthernet_prj\Obj\Middlewares\LwIP\dhcp.o
#        G:\shbashka\enthernet_prj\EWARM\enthernet_prj\Obj\Middlewares\LwIP\dhcp6.o
#        G:\shbashka\enthernet_prj\EWARM\enthernet_prj\Obj\Middlewares\LwIP\dns.o
#        G:\shbashka\enthernet_prj\EWARM\enthernet_prj\Obj\Middlewares\LwIP\eap.o
#        G:\shbashka\enthernet_prj\EWARM\enthernet_prj\Obj\Middlewares\LwIP\ecp.o
#        G:\shbashka\enthernet_prj\EWARM\enthernet_prj\Obj\Middlewares\LwIP\err.o
#        G:\shbashka\enthernet_prj\EWARM\enthernet_prj\Obj\Middlewares\LwIP\etharp.o
#        G:\shbashka\enthernet_prj\EWARM\enthernet_prj\Obj\Middlewares\LwIP\ethernet.o
#        G:\shbashka\enthernet_prj\EWARM\enthernet_prj\Obj\Application\User\LWIP\Target\ethernetif.o
#        G:\shbashka\enthernet_prj\EWARM\enthernet_prj\Obj\Middlewares\LwIP\ethip6.o
#        G:\shbashka\enthernet_prj\EWARM\enthernet_prj\Obj\Middlewares\LwIP\eui64.o
#        G:\shbashka\enthernet_prj\EWARM\enthernet_prj\Obj\Middlewares\LwIP\fsm.o
#        G:\shbashka\enthernet_prj\EWARM\enthernet_prj\Obj\Application\User\Core\gpio.o
#        G:\shbashka\enthernet_prj\EWARM\enthernet_prj\Obj\Middlewares\LwIP\icmp.o
#        G:\shbashka\enthernet_prj\EWARM\enthernet_prj\Obj\Middlewares\LwIP\icmp6.o
#        G:\shbashka\enthernet_prj\EWARM\enthernet_prj\Obj\Middlewares\LwIP\if_api.o
#        G:\shbashka\enthernet_prj\EWARM\enthernet_prj\Obj\Middlewares\LwIP\igmp.o
#        G:\shbashka\enthernet_prj\EWARM\enthernet_prj\Obj\Middlewares\LwIP\inet6.o
#        G:\shbashka\enthernet_prj\EWARM\enthernet_prj\Obj\Middlewares\LwIP\inet_chksum.o
#        G:\shbashka\enthernet_prj\EWARM\enthernet_prj\Obj\Middlewares\LwIP\init.o
#        G:\shbashka\enthernet_prj\EWARM\enthernet_prj\Obj\Middlewares\LwIP\ip.o
#        G:\shbashka\enthernet_prj\EWARM\enthernet_prj\Obj\Middlewares\LwIP\ip4.o
#        G:\shbashka\enthernet_prj\EWARM\enthernet_prj\Obj\Middlewares\LwIP\ip4_addr.o
#        G:\shbashka\enthernet_prj\EWARM\enthernet_prj\Obj\Middlewares\LwIP\ip4_frag.o
#        G:\shbashka\enthernet_prj\EWARM\enthernet_prj\Obj\Middlewares\LwIP\ip6.o
#        G:\shbashka\enthernet_prj\EWARM\enthernet_prj\Obj\Middlewares\LwIP\ip6_addr.o
#        G:\shbashka\enthernet_prj\EWARM\enthernet_prj\Obj\Middlewares\LwIP\ip6_frag.o
#        G:\shbashka\enthernet_prj\EWARM\enthernet_prj\Obj\Middlewares\LwIP\ipcp.o
#        G:\shbashka\enthernet_prj\EWARM\enthernet_prj\Obj\Middlewares\LwIP\ipv6cp.o
#        G:\shbashka\enthernet_prj\EWARM\enthernet_prj\Obj\Drivers\BSP\Components\lan8742.o
#        G:\shbashka\enthernet_prj\EWARM\enthernet_prj\Obj\Middlewares\LwIP\lcp.o
#        G:\shbashka\enthernet_prj\EWARM\enthernet_prj\Obj\Middlewares\LwIP\lowpan6.o
#        G:\shbashka\enthernet_prj\EWARM\enthernet_prj\Obj\Middlewares\LwIP\lowpan6_ble.o
#        G:\shbashka\enthernet_prj\EWARM\enthernet_prj\Obj\Middlewares\LwIP\lowpan6_common.o
#        G:\shbashka\enthernet_prj\EWARM\enthernet_prj\Obj\Application\User\LWIP\App\lwip.o
#        G:\shbashka\enthernet_prj\EWARM\enthernet_prj\Obj\Middlewares\LwIP\magic.o
#        G:\shbashka\enthernet_prj\EWARM\enthernet_prj\Obj\Application\User\Core\main.o
#        G:\shbashka\enthernet_prj\EWARM\enthernet_prj\Obj\Middlewares\LwIP\mem.o
#        G:\shbashka\enthernet_prj\EWARM\enthernet_prj\Obj\Middlewares\LwIP\memp.o
#        G:\shbashka\enthernet_prj\EWARM\enthernet_prj\Obj\Middlewares\LwIP\mld6.o
#        G:\shbashka\enthernet_prj\EWARM\enthernet_prj\Obj\Middlewares\LwIP\mppe.o
#        G:\shbashka\enthernet_prj\EWARM\enthernet_prj\Obj\Middlewares\LwIP\mqtt.o
#        G:\shbashka\enthernet_prj\EWARM\enthernet_prj\Obj\Middlewares\LwIP\multilink.o
#        G:\shbashka\enthernet_prj\EWARM\enthernet_prj\Obj\Middlewares\LwIP\nd6.o
#        G:\shbashka\enthernet_prj\EWARM\enthernet_prj\Obj\Middlewares\LwIP\netbuf.o
#        G:\shbashka\enthernet_prj\EWARM\enthernet_prj\Obj\Middlewares\LwIP\netdb.o
#        G:\shbashka\enthernet_prj\EWARM\enthernet_prj\Obj\Middlewares\LwIP\netif.o
#        G:\shbashka\enthernet_prj\EWARM\enthernet_prj\Obj\Middlewares\LwIP\netifapi.o
#        G:\shbashka\enthernet_prj\EWARM\enthernet_prj\Obj\Middlewares\LwIP\pbuf.o
#        G:\shbashka\enthernet_prj\EWARM\enthernet_prj\Obj\Middlewares\LwIP\ppp.o
#        G:\shbashka\enthernet_prj\EWARM\enthernet_prj\Obj\Middlewares\LwIP\pppapi.o
#        G:\shbashka\enthernet_prj\EWARM\enthernet_prj\Obj\Middlewares\LwIP\pppcrypt.o
#        G:\shbashka\enthernet_prj\EWARM\enthernet_prj\Obj\Middlewares\LwIP\pppoe.o
#        G:\shbashka\enthernet_prj\EWARM\enthernet_prj\Obj\Middlewares\LwIP\pppol2tp.o
#        G:\shbashka\enthernet_prj\EWARM\enthernet_prj\Obj\Middlewares\LwIP\pppos.o
#        G:\shbashka\enthernet_prj\EWARM\enthernet_prj\Obj\Middlewares\LwIP\raw.o
#        G:\shbashka\enthernet_prj\EWARM\enthernet_prj\Obj\Middlewares\LwIP\slipif.o
#        G:\shbashka\enthernet_prj\EWARM\enthernet_prj\Obj\Middlewares\LwIP\sockets.o
#        G:\shbashka\enthernet_prj\EWARM\enthernet_prj\Obj\Application\EWARM\startup_stm32f407xx.o
#        G:\shbashka\enthernet_prj\EWARM\enthernet_prj\Obj\Middlewares\LwIP\stats.o
#        G:\shbashka\enthernet_prj\EWARM\enthernet_prj\Obj\Drivers\STM32F4xx_HAL_Driver\stm32f4xx_hal.o
#        G:\shbashka\enthernet_prj\EWARM\enthernet_prj\Obj\Drivers\STM32F4xx_HAL_Driver\stm32f4xx_hal_cortex.o
#        G:\shbashka\enthernet_prj\EWARM\enthernet_prj\Obj\Drivers\STM32F4xx_HAL_Driver\stm32f4xx_hal_dma.o
#        G:\shbashka\enthernet_prj\EWARM\enthernet_prj\Obj\Drivers\STM32F4xx_HAL_Driver\stm32f4xx_hal_dma_ex.o
#        G:\shbashka\enthernet_prj\EWARM\enthernet_prj\Obj\Drivers\STM32F4xx_HAL_Driver\stm32f4xx_hal_eth.o
#        G:\shbashka\enthernet_prj\EWARM\enthernet_prj\Obj\Drivers\STM32F4xx_HAL_Driver\stm32f4xx_hal_exti.o
#        G:\shbashka\enthernet_prj\EWARM\enthernet_prj\Obj\Drivers\STM32F4xx_HAL_Driver\stm32f4xx_hal_flash.o
#        G:\shbashka\enthernet_prj\EWARM\enthernet_prj\Obj\Drivers\STM32F4xx_HAL_Driver\stm32f4xx_hal_flash_ex.o
#        G:\shbashka\enthernet_prj\EWARM\enthernet_prj\Obj\Drivers\STM32F4xx_HAL_Driver\stm32f4xx_hal_flash_ramfunc.o
#        G:\shbashka\enthernet_prj\EWARM\enthernet_prj\Obj\Drivers\STM32F4xx_HAL_Driver\stm32f4xx_hal_gpio.o
#        G:\shbashka\enthernet_prj\EWARM\enthernet_prj\Obj\Application\User\Core\stm32f4xx_hal_msp.o
#        G:\shbashka\enthernet_prj\EWARM\enthernet_prj\Obj\Drivers\STM32F4xx_HAL_Driver\stm32f4xx_hal_pwr.o
#        G:\shbashka\enthernet_prj\EWARM\enthernet_prj\Obj\Drivers\STM32F4xx_HAL_Driver\stm32f4xx_hal_pwr_ex.o
#        G:\shbashka\enthernet_prj\EWARM\enthernet_prj\Obj\Drivers\STM32F4xx_HAL_Driver\stm32f4xx_hal_rcc.o
#        G:\shbashka\enthernet_prj\EWARM\enthernet_prj\Obj\Drivers\STM32F4xx_HAL_Driver\stm32f4xx_hal_rcc_ex.o
#        G:\shbashka\enthernet_prj\EWARM\enthernet_prj\Obj\Drivers\STM32F4xx_HAL_Driver\stm32f4xx_hal_tim.o
#        G:\shbashka\enthernet_prj\EWARM\enthernet_prj\Obj\Drivers\STM32F4xx_HAL_Driver\stm32f4xx_hal_tim_ex.o
#        G:\shbashka\enthernet_prj\EWARM\enthernet_prj\Obj\Application\User\Core\stm32f4xx_it.o
#        G:\shbashka\enthernet_prj\EWARM\enthernet_prj\Obj\Middlewares\LwIP\sys.o
#        G:\shbashka\enthernet_prj\EWARM\enthernet_prj\Obj\Drivers\CMSIS\system_stm32f4xx.o
#        G:\shbashka\enthernet_prj\EWARM\enthernet_prj\Obj\Middlewares\LwIP\tcp.o
#        G:\shbashka\enthernet_prj\EWARM\enthernet_prj\Obj\Middlewares\LwIP\tcp_in.o
#        G:\shbashka\enthernet_prj\EWARM\enthernet_prj\Obj\Middlewares\LwIP\tcp_out.o
#        G:\shbashka\enthernet_prj\EWARM\enthernet_prj\Obj\Middlewares\LwIP\tcpip.o
#        G:\shbashka\enthernet_prj\EWARM\enthernet_prj\Obj\Middlewares\LwIP\timeouts.o
#        G:\shbashka\enthernet_prj\EWARM\enthernet_prj\Obj\Middlewares\LwIP\udp.o
#        G:\shbashka\enthernet_prj\EWARM\enthernet_prj\Obj\Middlewares\LwIP\upap.o
#        G:\shbashka\enthernet_prj\EWARM\enthernet_prj\Obj\Middlewares\LwIP\utils.o
#        G:\shbashka\enthernet_prj\EWARM\enthernet_prj\Obj\Middlewares\LwIP\vj.o
#        G:\shbashka\enthernet_prj\EWARM\enthernet_prj\Obj\Middlewares\LwIP\zepif.o
#        --no_out_extension -o
#        G:\shbashka\enthernet_prj\EWARM\enthernet_prj\Exe\enthernet_prj.out
#        --redirect _Printf=_PrintfFullNoMb --redirect _Scanf=_ScanfFullNoMb
#        --map
#        G:\shbashka\enthernet_prj\EWARM\enthernet_prj\List\enthernet_prj.map
#        --config G:\shbashka\enthernet_prj\EWARM/stm32f407xx_flash.icf
#        --semihosting --entry __iar_program_start --vfe --text_out locale
#        --cpu=Cortex-M4 --fpu=VFPv4_sp)
#
###############################################################################

*******************************************************************************
*** RUNTIME MODEL ATTRIBUTES
***

CppFlavor       = *
__CPP_Runtime   = 1
__SystemLibrary = DLib
__dlib_version  = 6


*******************************************************************************
*** HEAP SELECTION
***

The basic heap was selected because --advanced_heap
was not specified and the application did not appear to
be primarily optimized for speed.


*******************************************************************************
*** PLACEMENT SUMMARY
***

"A0":  place at address 0x800'0000 { ro section .intvec };
"P1":  place in [from 0x800'0000 to 0x80f'ffff] { ro };
define block CSTACK with size = 8K, alignment = 8 { };
define block HEAP with size = 4K, alignment = 8 { };
"P2":  place in [from 0x2000'0000 to 0x2001'ffff] {
          rw, block CSTACK, block HEAP };
initialize by copy { rw };

  Section            Kind         Address    Size  Object
  -------            ----         -------    ----  ------
"A0":                                       0x188
  .intvec            ro code   0x800'0000   0x188  startup_stm32f407xx.o [1]
                             - 0x800'0188   0x188

"P1":                                      0xd205
  .text              ro code   0x800'0188  0x1a7c  tcp_in.o [8]
  .text              ro code   0x800'1c04    0x28  printf.o [9]
  .text              ro code   0x800'1c2c   0x894  pbuf.o [8]
  .text              ro code   0x800'24c0    0x4c  ip4_addr.o [8]
  .text              ro code   0x800'250c    0x2c  def.o [8]
  .text              ro code   0x800'2538  0x10de  tcp.o [8]
  .text              ro code   0x800'3616    0x3a  packbits_init_single.o [11]
  .text              ro code   0x800'3650  0x1070  tcp_out.o [8]
  .text              ro code   0x800'46c0   0x17c  timeouts.o [8]
  .text              ro code   0x800'483c   0x3b4  ip4.o [8]
  .text              ro code   0x800'4bf0   0xeaa  xprintffull_nomb.o [9]
  .rodata            const     0x800'5a9a     0x2  xlocale_c.o [9]
  .text              ro code   0x800'5a9c   0x168  memp.o [8]
  .text              ro code   0x800'5c04   0x5a0  mem.o [8]
  .text              ro code   0x800'61a4    0xa6  ABImemcpy.o [11]
  .rodata            const     0x800'624a     0x1  xlocale_c.o [9]
  .text              ro code   0x800'624c    0x9c  rand.o [9]
  .text              ro code   0x800'62e8    0x66  ABImemset.o [11]
  .text              ro code   0x800'6350   0x3fc  netif.o [8]
  .text              ro code   0x800'674c   0x45c  ethernetif.o [4]
  .text              ro code   0x800'6ba8   0x93c  ip4_frag.o [8]
  .text              ro code   0x800'74e4   0x2c4  udp.o [8]
  .text              ro code   0x800'77a8   0x268  icmp.o [8]
  .text              ro code   0x800'7a10    0x16  strchr.o [11]
  .text              ro code   0x800'7a28    0x40  xfail_s.o [9]
  .text              ro code   0x800'7a68    0x36  strlen.o [11]
  .text              ro code   0x800'7aa0    0x58  memchr.o [11]
  .text              ro code   0x800'7af8    0x70  frexp.o [10]
  .text              ro code   0x800'7b68    0x34  DblCmpLe.o [10]
  .text              ro code   0x800'7b9c    0x34  DblCmpGe.o [10]
  .text              ro code   0x800'7bd0   0x13a  ldexp.o [10]
  .text              ro code   0x800'7d0c    0x36  DblToS32.o [10]
  .text              ro code   0x800'7d44    0x22  S32ToDbl.o [10]
  .text              ro code   0x800'7d68   0x24e  DblAddSub.o [10]
  .text              ro code   0x800'7fb8   0x246  DblDiv.o [10]
  .text              ro code   0x800'8200    0x22  DblToU32.o [10]
  .text              ro code   0x800'8224    0x1c  U32ToDbl.o [10]
  .text              ro code   0x800'8240   0x1aa  DblMul.o [10]
  .text              ro code   0x800'83ec     0x8  xlocale_c.o [9]
  .text              ro code   0x800'83f4   0x230  I64DivMod.o [11]
  .text              ro code   0x800'8624   0xa80  etharp.o [8]
  .text              ro code   0x800'90a4   0xac6  stm32f4xx_hal_eth.o [7]
  .text              ro code   0x800'9b6a   0x1d2  lan8742.o [5]
  .text              ro code   0x800'9d3c    0xd8  main.o [2]
  .text              ro code   0x800'9e14     0x6  ABImemclr4.o [11]
  .text              ro code   0x800'9e1c     0xc  stm32f4xx_hal.o [7]
  .text              ro code   0x800'9e28   0x218  stm32f4xx_hal_gpio.o [7]
  .text              ro code   0x800'a040     0x6  abort.o [9]
  .text              ro code   0x800'a048     0x2  I64DivZer.o [11]
  .text              ro code   0x800'a04c   0x12c  ethernet.o [8]
  .text              ro code   0x800'a178    0x28  stm32f4xx_hal.o [7]
  .text              ro code   0x800'a1a0   0x158  stm32f4xx_hal_rcc.o [7]
  .text              ro code   0x800'a2f8    0x34  stm32f4xx_hal.o [7]
  .text              ro code   0x800'a32c   0x148  gpio.o [2]
  .text              ro code   0x800'a474    0xe2  lwip.o [3]
  .text              ro code   0x800'a556    0x14  memset.o [11]
  .text              ro code   0x800'a56c   0x3c4  stm32f4xx_hal_rcc.o [7]
  .text              ro code   0x800'a930    0x32  ABImemset48.o [11]
  .text              ro code   0x800'a964    0x14  exit.o [12]
  .text              ro code   0x800'a978    0x68  memcmp.o [11]
  .text              ro code   0x800'a9e0    0x80  stm32f4xx_hal_rcc.o [7]
  .text              ro code   0x800'aa60    0x4c  stm32f4xx_hal.o [7]
  .text              ro code   0x800'aaac   0x100  stm32f4xx_hal_cortex.o [7]
  .text              ro code   0x800'abac    0x40  stm32f4xx_hal_msp.o [2]
  .text              ro code   0x800'abec    0x44  init.o [8]
  .text              ro code   0x800'ac30    0x7c  iarttio.o [12]
  .text              ro code   0x800'acac     0x8  XShttio.o [9]
  .rodata            const     0x800'acb4    0x58  tcp_out.o [8]
  .rodata            const     0x800'ad0c    0x50  etharp.o [8]
  .rodata            const     0x800'ad5c    0x50  ip4_frag.o [8]
  .rodata            const     0x800'adac    0x4c  ethernet.o [8]
  .rodata            const     0x800'adf8    0x4c  icmp.o [8]
  .rodata            const     0x800'ae44    0x4c  ip4.o [8]
  .rodata            const     0x800'ae90    0x4c  tcp_in.o [8]
  .rodata            const     0x800'aedc    0x4c  tcp_out.o [8]
  .rodata            const     0x800'af28    0x4c  timeouts.o [8]
  .rodata            const     0x800'af74    0x48  init.o [8]
  .rodata            const     0x800'afbc    0x48  mem.o [8]
  .rodata            const     0x800'b004    0x48  memp.o [8]
  .rodata            const     0x800'b04c    0x48  netif.o [8]
  .rodata            const     0x800'b094    0x48  pbuf.o [8]
  .rodata            const     0x800'b0dc    0x48  tcp.o [8]
  .rodata            const     0x800'b124    0x48  udp.o [8]
  .rodata            const     0x800'b16c    0x44  etharp.o [8]
  .rodata            const     0x800'b1b0    0x44  init.o [8]
  .text              ro code   0x800'b1f4    0x44  putchar.o [9]
  .text              ro code   0x800'b238    0x10  write.o [12]
  .text              ro code   0x800'b248    0x1e  dwrite.o [12]
  .text              ro code   0x800'b266    0x20  iarwstd.o [12]
  .text              ro code   0x800'b286    0x22  iarwrite.o [12]
  .rodata            const     0x800'b2a8    0x40  etharp.o [8]
  .rodata            const     0x800'b2e8    0x40  timeouts.o [8]
  .rodata            const     0x800'b328    0x3c  tcp_in.o [8]
  .rodata            const     0x800'b364    0x3c  tcp_out.o [8]
  .rodata            const     0x800'b3a0    0x38  icmp.o [8]
  .rodata            const     0x800'b3d8    0x38  ip4_frag.o [8]
  .rodata            const     0x800'b410    0x38  pbuf.o [8]
  .rodata            const     0x800'b448    0x38  tcp.o [8]
  .rodata            const     0x800'b480    0x38  tcp_in.o [8]
  .rodata            const     0x800'b4b8    0x38  timeouts.o [8]
  .text              ro code   0x800'b4f0    0x38  zero_init3.o [11]
  .rodata            const     0x800'b528    0x34  etharp.o [8]
  .rodata            const     0x800'b55c    0x34  ethernet.o [8]
  .rodata            const     0x800'b590    0x34  ethernetif.o [4]
  .rodata            const     0x800'b5c4    0x34  icmp.o [8]
  .rodata            const     0x800'b5f8    0x34  mem.o [8]
  .rodata            const     0x800'b62c    0x34  pbuf.o [8]
  .rodata            const     0x800'b660    0x34  tcp.o [8]
  .rodata            const     0x800'b694    0x34  tcp.o [8]
  .rodata            const     0x800'b6c8    0x34  tcp.o [8]
  .rodata            const     0x800'b6fc    0x30  etharp.o [8]
  .rodata            const     0x800'b72c    0x30  ip4.o [8]
  .rodata            const     0x800'b75c    0x30  mem.o [8]
  .rodata            const     0x800'b78c    0x30  mem.o [8]
  .rodata            const     0x800'b7bc    0x30  netif.o [8]
  .rodata            const     0x800'b7ec    0x30  pbuf.o [8]
  .rodata            const     0x800'b81c    0x30  pbuf.o [8]
  .rodata            const     0x800'b84c    0x30  pbuf.o [8]
  .rodata            const     0x800'b87c    0x30  tcp.o [8]
  .rodata            const     0x800'b8ac    0x30  tcp.o [8]
  .rodata            const     0x800'b8dc    0x30  tcp_in.o [8]
  .rodata            const     0x800'b90c    0x30  tcp_out.o [8]
  .rodata            const     0x800'b93c    0x2c  etharp.o [8]
  .rodata            const     0x800'b968    0x2c  icmp.o [8]
  .rodata            const     0x800'b994    0x2c  mem.o [8]
  .rodata            const     0x800'b9c0    0x2c  pbuf.o [8]
  .rodata            const     0x800'b9ec    0x2c  pbuf.o [8]
  .rodata            const     0x800'ba18    0x2c  tcp.o [8]
  .rodata            const     0x800'ba44    0x2c  tcp.o [8]
  .rodata            const     0x800'ba70    0x2c  tcp.o [8]
  .rodata            const     0x800'ba9c    0x2c  tcp.o [8]
  .rodata            const     0x800'bac8    0x2c  tcp_in.o [8]
  .rodata            const     0x800'baf4    0x2c  tcp_in.o [8]
  .rodata            const     0x800'bb20    0x2c  tcp_in.o [8]
  .rodata            const     0x800'bb4c    0x2c  tcp_out.o [8]
  .rodata            const     0x800'bb78    0x2c  tcp_out.o [8]
  .rodata            const     0x800'bba4    0x28  etharp.o [8]
  .rodata            const     0x800'bbcc    0x28  etharp.o [8]
  .rodata            const     0x800'bbf4    0x28  ethernet.o [8]
  .rodata            const     0x800'bc1c    0x28  ethernetif.o [4]
  .rodata            const     0x800'bc44    0x28  icmp.o [8]
  .rodata            const     0x800'bc6c    0x28  init.o [8]
  .rodata            const     0x800'bc94    0x28  ip4.o [8]
  .rodata            const     0x800'bcbc    0x28  ip4_frag.o [8]
  .rodata            const     0x800'bce4    0x28  mem.o [8]
  .rodata            const     0x800'bd0c    0x28  mem.o [8]
  .rodata            const     0x800'bd34    0x28  memp.o [8]
  .rodata            const     0x800'bd5c    0x28  netif.o [8]
  .rodata            const     0x800'bd84    0x28  pbuf.o [8]
  .rodata            const     0x800'bdac    0x28  tcp.o [8]
  .rodata            const     0x800'bdd4    0x28  tcp.o [8]
  .rodata            const     0x800'bdfc    0x28  tcp.o [8]
  .rodata            const     0x800'be24    0x28  tcp.o [8]
  .rodata            const     0x800'be4c    0x28  tcp.o [8]
  .rodata            const     0x800'be74    0x28  tcp.o [8]
  .rodata            const     0x800'be9c    0x28  tcp.o [8]
  .rodata            const     0x800'bec4    0x28  tcp_in.o [8]
  .rodata            const     0x800'beec    0x28  tcp_in.o [8]
  .rodata            const     0x800'bf14    0x28  tcp_in.o [8]
  .rodata            const     0x800'bf3c    0x28  tcp_in.o [8]
  .rodata            const     0x800'bf64    0x28  tcp_in.o [8]
  .rodata            const     0x800'bf8c    0x28  tcp_in.o [8]
  .rodata            const     0x800'bfb4    0x28  tcp_in.o [8]
  .rodata            const     0x800'bfdc    0x28  tcp_out.o [8]
  .rodata            const     0x800'c004    0x28  tcp_out.o [8]
  .rodata            const     0x800'c02c    0x28  tcp_out.o [8]
  .rodata            const     0x800'c054    0x28  tcp_out.o [8]
  .rodata            const     0x800'c07c    0x28  tcp_out.o [8]
  .rodata            const     0x800'c0a4    0x28  tcp_out.o [8]
  .rodata            const     0x800'c0cc    0x28  timeouts.o [8]
  .rodata            const     0x800'c0f4    0x28  udp.o [8]
  .rodata            const     0x800'c11c    0x28  udp.o [8]
  .text              ro code   0x800'c144    0x28  data_init.o [11]
  .rodata            const     0x800'c16c    0x24  etharp.o [8]
  .rodata            const     0x800'c190    0x24  ip4_frag.o [8]
  .rodata            const     0x800'c1b4    0x24  ip4_frag.o [8]
  .rodata            const     0x800'c1d8    0x24  mem.o [8]
  .rodata            const     0x800'c1fc    0x24  mem.o [8]
  .rodata            const     0x800'c220    0x24  memp.o [8]
  .rodata            const     0x800'c244    0x24  memp.o [8]
  .rodata            const     0x800'c268    0x24  netif.o [8]
  .rodata            const     0x800'c28c    0x24  netif.o [8]
  .rodata            const     0x800'c2b0    0x24  netif.o [8]
  .rodata            const     0x800'c2d4    0x24  netif.o [8]
  .rodata            const     0x800'c2f8    0x24  pbuf.o [8]
  .rodata            const     0x800'c31c    0x24  pbuf.o [8]
  .rodata            const     0x800'c340    0x24  tcp.o [8]
  .rodata            const     0x800'c364    0x24  tcp_out.o [8]
  .rodata            const     0x800'c388    0x24  tcp_out.o [8]
  .rodata            const     0x800'c3ac    0x24  tcp_out.o [8]
  .rodata            const     0x800'c3d0    0x24  tcp_out.o [8]
  .rodata            const     0x800'c3f4    0x24  tcp_out.o [8]
  .rodata            const     0x800'c418    0x24  tcp_out.o [8]
  .rodata            const     0x800'c43c    0x24  tcp_out.o [8]
  .rodata            const     0x800'c460    0x24  udp.o [8]
  .text              ro code   0x800'c484    0x22  fpinit_M.o [10]
  .iar.init_table    const     0x800'c4a8    0x20  - Linker created -
  .rodata            const     0x800'c4c8    0x20  ip4_frag.o [8]
  .rodata            const     0x800'c4e8    0x20  ip4_frag.o [8]
  .rodata            const     0x800'c508    0x20  ip4_frag.o [8]
  .rodata            const     0x800'c528    0x20  ip4_frag.o [8]
  .rodata            const     0x800'c548    0x20  mem.o [8]
  .rodata            const     0x800'c568    0x20  memp.o [8]
  .rodata            const     0x800'c588    0x20  memp.o [8]
  .rodata            const     0x800'c5a8    0x20  netif.o [8]
  .rodata            const     0x800'c5c8    0x20  pbuf.o [8]
  .rodata            const     0x800'c5e8    0x20  pbuf.o [8]
  .rodata            const     0x800'c608    0x20  tcp.o [8]
  .rodata            const     0x800'c628    0x20  tcp.o [8]
  .rodata            const     0x800'c648    0x20  tcp_in.o [8]
  .rodata            const     0x800'c668    0x20  tcp_in.o [8]
  .rodata            const     0x800'c688    0x20  tcp_in.o [8]
  .rodata            const     0x800'c6a8    0x20  tcp_in.o [8]
  .rodata            const     0x800'c6c8    0x20  tcp_in.o [8]
  .rodata            const     0x800'c6e8    0x20  tcp_in.o [8]
  .rodata            const     0x800'c708    0x20  tcp_in.o [8]
  .rodata            const     0x800'c728    0x20  tcp_out.o [8]
  .rodata            const     0x800'c748    0x20  tcp_out.o [8]
  .rodata            const     0x800'c768    0x20  tcp_out.o [8]
  .rodata            const     0x800'c788    0x20  tcp_out.o [8]
  .rodata            const     0x800'c7a8    0x20  tcp_out.o [8]
  .rodata            const     0x800'c7c8    0x20  tcp_out.o [8]
  .text              ro code   0x800'c7e8    0x1e  cmain.o [11]
  .text              ro code   0x800'c806     0x4  low_level_init.o [9]
  .text              ro code   0x800'c80a     0x4  exit.o [9]
  .text              ro code   0x800'c810     0xa  cexit.o [11]
  .rodata            const     0x800'c81c    0x1c  etharp.o [8]
  .rodata            const     0x800'c838    0x1c  ip4_frag.o [8]
  .rodata            const     0x800'c854    0x1c  ip4_frag.o [8]
  .rodata            const     0x800'c870    0x1c  ip4_frag.o [8]
  .rodata            const     0x800'c88c    0x1c  mem.o [8]
  .rodata            const     0x800'c8a8    0x1c  mem.o [8]
  .rodata            const     0x800'c8c4    0x1c  mem.o [8]
  .rodata            const     0x800'c8e0    0x1c  mem.o [8]
  .rodata            const     0x800'c8fc    0x1c  memp.o [8]
  .rodata            const     0x800'c918    0x1c  netif.o [8]
  .rodata            const     0x800'c934    0x1c  netif.o [8]
  .rodata            const     0x800'c950    0x1c  pbuf.o [8]
  .rodata            const     0x800'c96c    0x1c  pbuf.o [8]
  .rodata            const     0x800'c988    0x1c  pbuf.o [8]
  .rodata            const     0x800'c9a4    0x1c  tcp.o [8]
  .rodata            const     0x800'c9c0    0x1c  tcp.o [8]
  .rodata            const     0x800'c9dc    0x1c  tcp.o [8]
  .rodata            const     0x800'c9f8    0x1c  tcp.o [8]
  .rodata            const     0x800'ca14    0x1c  tcp.o [8]
  .rodata            const     0x800'ca30    0x1c  tcp.o [8]
  .rodata            const     0x800'ca4c    0x1c  tcp.o [8]
  .rodata            const     0x800'ca68    0x1c  tcp.o [8]
  .rodata            const     0x800'ca84    0x1c  tcp.o [8]
  .rodata            const     0x800'caa0    0x1c  tcp.o [8]
  .rodata            const     0x800'cabc    0x1c  tcp_in.o [8]
  .rodata            const     0x800'cad8    0x1c  tcp_in.o [8]
  .rodata            const     0x800'caf4    0x1c  tcp_in.o [8]
  .rodata            const     0x800'cb10    0x1c  tcp_in.o [8]
  .rodata            const     0x800'cb2c    0x1c  tcp_in.o [8]
  .rodata            const     0x800'cb48    0x1c  tcp_out.o [8]
  .rodata            const     0x800'cb64    0x1c  tcp_out.o [8]
  .rodata            const     0x800'cb80    0x1c  tcp_out.o [8]
  .rodata            const     0x800'cb9c    0x1c  tcp_out.o [8]
  .rodata            const     0x800'cbb8    0x1c  tcp_out.o [8]
  .rodata            const     0x800'cbd4    0x1c  udp.o [8]
  .rodata            const     0x800'cbf0    0x1c  udp.o [8]
  .text              ro code   0x800'cc0c    0x1c  cstartup_M.o [11]
  .rodata            const     0x800'cc28    0x18  etharp.o [8]
  .rodata            const     0x800'cc40    0x18  mem.o [8]
  .rodata            const     0x800'cc58    0x18  mem.o [8]
  .rodata            const     0x800'cc70    0x18  pbuf.o [8]
  .rodata            const     0x800'cc88    0x18  pbuf.o [8]
  .rodata            const     0x800'cca0    0x18  pbuf.o [8]
  .rodata            const     0x800'ccb8    0x18  pbuf.o [8]
  .rodata            const     0x800'ccd0    0x18  tcp.o [8]
  .rodata            const     0x800'cce8    0x18  tcp.o [8]
  .rodata            const     0x800'cd00    0x18  tcp.o [8]
  .rodata            const     0x800'cd18    0x18  tcp.o [8]
  .rodata            const     0x800'cd30    0x18  tcp.o [8]
  .rodata            const     0x800'cd48    0x18  tcp_in.o [8]
  .rodata            const     0x800'cd60    0x18  tcp_in.o [8]
  .rodata            const     0x800'cd78    0x18  tcp_out.o [8]
  .rodata            const     0x800'cd90    0x18  tcp_out.o [8]
  .rodata            const     0x800'cda8    0x18  tcp_out.o [8]
  .rodata            const     0x800'cdc0    0x18  tcp_out.o [8]
  .rodata            const     0x800'cdd8    0x18  tcp_out.o [8]
  .rodata            const     0x800'cdf0    0x18  timeouts.o [8]
  .rodata            const     0x800'ce08    0x18  udp.o [8]
  .text              ro code   0x800'ce20    0x18  stm32f4xx_hal.o [7]
  .text              ro code   0x800'ce38    0x18  stm32f4xx_it.o [2]
  .text              ro code   0x800'ce50    0x16  xprout.o [9]
  .rodata            const     0x800'ce68    0x14  etharp.o [8]
  .rodata            const     0x800'ce7c    0x14  ip4_frag.o [8]
  .rodata            const     0x800'ce90    0x14  mem.o [8]
  .rodata            const     0x800'cea4    0x14  memp.o [8]
  .rodata            const     0x800'ceb8    0x14  netif.o [8]
  .rodata            const     0x800'cecc    0x14  pbuf.o [8]
  .rodata            const     0x800'cee0    0x14  pbuf.o [8]
  .rodata            const     0x800'cef4    0x14  pbuf.o [8]
  .rodata            const     0x800'cf08    0x14  pbuf.o [8]
  .rodata            const     0x800'cf1c    0x14  tcp.o [8]
  .rodata            const     0x800'cf30    0x14  tcp_in.o [8]
  .rodata            const     0x800'cf44    0x14  tcp_out.o [8]
  .rodata            const     0x800'cf58    0x10  etharp.o [8]
  .rodata            const     0x800'cf68    0x10  etharp.o [8]
  .rodata            const     0x800'cf78    0x10  etharp.o [8]
  .rodata            const     0x800'cf88    0x10  ethernetif.o [4]
  .rodata            const     0x800'cf98    0x10  ip4_frag.o [8]
  .rodata            const     0x800'cfa8    0x10  ip4_frag.o [8]
  .rodata            const     0x800'cfb8    0x10  netif.o [8]
  .rodata            const     0x800'cfc8    0x10  pbuf.o [8]
  .rodata            const     0x800'cfd8    0x10  pbuf.o [8]
  .rodata            const     0x800'cfe8    0x10  system_stm32f4xx.o [6]
  .rodata            const     0x800'cff8    0x10  tcp.o [8]
  .rodata            const     0x800'd008    0x10  tcp.o [8]
  .rodata            const     0x800'd018    0x10  tcp.o [8]
  .rodata            const     0x800'd028    0x10  tcp_in.o [8]
  .rodata            const     0x800'd038    0x10  tcp_in.o [8]
  .rodata            const     0x800'd048    0x10  tcp_in.o [8]
  .rodata            const     0x800'd058    0x10  tcp_in.o [8]
  .rodata            const     0x800'd068    0x10  tcp_out.o [8]
  .rodata            const     0x800'd078    0x10  tcp_out.o [8]
  .text              ro code   0x800'd088    0x10  startup_stm32f407xx.o [1]
  .text              ro code   0x800'd098    0x10  system_stm32f4xx.o [6]
  .rodata            const     0x800'd0a8     0xc  etharp.o [8]
  .rodata            const     0x800'd0b4     0xc  ethernetif.o [4]
  .rodata            const     0x800'd0c0     0xc  ip4.o [8]
  .rodata            const     0x800'd0cc     0xc  ip4_frag.o [8]
  .rodata            const     0x800'd0d8     0xc  ip4_frag.o [8]
  .rodata            const     0x800'd0e4     0xc  ip4_frag.o [8]
  .rodata            const     0x800'd0f0     0xc  ip4_frag.o [8]
  .rodata            const     0x800'd0fc     0xc  memp.o [8]
  .rodata            const     0x800'd108     0xc  memp.o [8]
  .rodata            const     0x800'd114     0xc  memp.o [8]
  .rodata            const     0x800'd120     0xc  memp.o [8]
  .rodata            const     0x800'd12c     0xc  memp.o [8]
  .rodata            const     0x800'd138     0xc  memp.o [8]
  .rodata            const     0x800'd144     0xc  memp.o [8]
  .rodata            const     0x800'd150     0xc  memp.o [8]
  .rodata            const     0x800'd15c     0xc  memp.o [8]
  .rodata            const     0x800'd168     0xc  pbuf.o [8]
  .rodata            const     0x800'd174     0xc  tcp.o [8]
  .rodata            const     0x800'd180     0xc  tcp_in.o [8]
  .rodata            const     0x800'd18c     0xc  tcp_out.o [8]
  .rodata            const     0x800'd198     0x8  ethernet.o [8]
  .rodata            const     0x800'd1a0     0x8  ethernet.o [8]
  .rodata            const     0x800'd1a8     0x8  tcp.o [8]
  .rodata            const     0x800'd1b0     0x8  tcp_in.o [8]
  .rodata            const     0x800'd1b8     0x8  tcp_in.o [8]
  .rodata            const     0x800'd1c0     0x4  ip4_addr.o [8]
  .text              ro code   0x800'd1c4     0x4  startup_stm32f407xx.o [1]
  .text              ro code   0x800'd1c8     0x4  startup_stm32f407xx.o [1]
  .text              ro code   0x800'd1cc     0x4  startup_stm32f407xx.o [1]
  .text              ro code   0x800'd1d0     0x4  startup_stm32f407xx.o [1]
  .text              ro code   0x800'd1d4     0x4  startup_stm32f407xx.o [1]
  .text              ro code   0x800'd1d8     0x4  startup_stm32f407xx.o [1]
  .text              ro code   0x800'd1dc     0x4  startup_stm32f407xx.o [1]
  .text              ro code   0x800'd1e0     0x4  startup_stm32f407xx.o [1]
  .text              ro code   0x800'd1e4     0x4  startup_stm32f407xx.o [1]
  .text              ro code   0x800'd1e8     0x4  startup_stm32f407xx.o [1]
  .text              ro code   0x800'd1ec     0x4  startup_stm32f407xx.o [1]
  .text              ro code   0x800'd1f0     0x4  startup_stm32f407xx.o [1]
  .text              ro code   0x800'd1f4     0x4  startup_stm32f407xx.o [1]
  .text              ro code   0x800'd1f8     0x4  startup_stm32f407xx.o [1]
  .text              ro code   0x800'd1fc     0x4  startup_stm32f407xx.o [1]
  .text              ro code   0x800'd200     0x4  startup_stm32f407xx.o [1]
  .text              ro code   0x800'd204     0x4  startup_stm32f407xx.o [1]
  .text              ro code   0x800'd208     0x4  startup_stm32f407xx.o [1]
  .text              ro code   0x800'd20c     0x4  startup_stm32f407xx.o [1]
  .text              ro code   0x800'd210     0x4  startup_stm32f407xx.o [1]
  .text              ro code   0x800'd214     0x4  startup_stm32f407xx.o [1]
  .text              ro code   0x800'd218     0x4  startup_stm32f407xx.o [1]
  .text              ro code   0x800'd21c     0x4  startup_stm32f407xx.o [1]
  .text              ro code   0x800'd220     0x4  startup_stm32f407xx.o [1]
  .text              ro code   0x800'd224     0x4  startup_stm32f407xx.o [1]
  .text              ro code   0x800'd228     0x4  startup_stm32f407xx.o [1]
  .text              ro code   0x800'd22c     0x4  startup_stm32f407xx.o [1]
  .text              ro code   0x800'd230     0x4  startup_stm32f407xx.o [1]
  .text              ro code   0x800'd234     0x4  startup_stm32f407xx.o [1]
  .text              ro code   0x800'd238     0x4  startup_stm32f407xx.o [1]
  .text              ro code   0x800'd23c     0x4  startup_stm32f407xx.o [1]
  .text              ro code   0x800'd240     0x4  startup_stm32f407xx.o [1]
  .text              ro code   0x800'd244     0x4  startup_stm32f407xx.o [1]
  .text              ro code   0x800'd248     0x4  startup_stm32f407xx.o [1]
  .text              ro code   0x800'd24c     0x4  startup_stm32f407xx.o [1]
  .text              ro code   0x800'd250     0x4  startup_stm32f407xx.o [1]
  .text              ro code   0x800'd254     0x4  startup_stm32f407xx.o [1]
  .text              ro code   0x800'd258     0x4  startup_stm32f407xx.o [1]
  .text              ro code   0x800'd25c     0x4  startup_stm32f407xx.o [1]
  .text              ro code   0x800'd260     0x4  startup_stm32f407xx.o [1]
  .text              ro code   0x800'd264     0x4  startup_stm32f407xx.o [1]
  .text              ro code   0x800'd268     0x4  startup_stm32f407xx.o [1]
  .text              ro code   0x800'd26c     0x4  startup_stm32f407xx.o [1]
  .text              ro code   0x800'd270     0x4  startup_stm32f407xx.o [1]
  .text              ro code   0x800'd274     0x4  startup_stm32f407xx.o [1]
  .text              ro code   0x800'd278     0x4  startup_stm32f407xx.o [1]
  .text              ro code   0x800'd27c     0x4  startup_stm32f407xx.o [1]
  .text              ro code   0x800'd280     0x4  startup_stm32f407xx.o [1]
  .text              ro code   0x800'd284     0x4  startup_stm32f407xx.o [1]
  .text              ro code   0x800'd288     0x4  startup_stm32f407xx.o [1]
  .text              ro code   0x800'd28c     0x4  startup_stm32f407xx.o [1]
  .text              ro code   0x800'd290     0x4  startup_stm32f407xx.o [1]
  .text              ro code   0x800'd294     0x4  startup_stm32f407xx.o [1]
  .text              ro code   0x800'd298     0x4  startup_stm32f407xx.o [1]
  .text              ro code   0x800'd29c     0x4  startup_stm32f407xx.o [1]
  .text              ro code   0x800'd2a0     0x4  startup_stm32f407xx.o [1]
  .text              ro code   0x800'd2a4     0x4  startup_stm32f407xx.o [1]
  .text              ro code   0x800'd2a8     0x4  startup_stm32f407xx.o [1]
  .text              ro code   0x800'd2ac     0x4  startup_stm32f407xx.o [1]
  .text              ro code   0x800'd2b0     0x4  startup_stm32f407xx.o [1]
  .text              ro code   0x800'd2b4     0x4  startup_stm32f407xx.o [1]
  .text              ro code   0x800'd2b8     0x4  startup_stm32f407xx.o [1]
  .text              ro code   0x800'd2bc     0x4  startup_stm32f407xx.o [1]
  .text              ro code   0x800'd2c0     0x4  startup_stm32f407xx.o [1]
  .text              ro code   0x800'd2c4     0x4  startup_stm32f407xx.o [1]
  .text              ro code   0x800'd2c8     0x4  startup_stm32f407xx.o [1]
  .text              ro code   0x800'd2cc     0x4  startup_stm32f407xx.o [1]
  .text              ro code   0x800'd2d0     0x4  startup_stm32f407xx.o [1]
  .text              ro code   0x800'd2d4     0x4  startup_stm32f407xx.o [1]
  .text              ro code   0x800'd2d8     0x4  startup_stm32f407xx.o [1]
  .text              ro code   0x800'd2dc     0x4  startup_stm32f407xx.o [1]
  .text              ro code   0x800'd2e0     0x4  startup_stm32f407xx.o [1]
  .text              ro code   0x800'd2e4     0x4  startup_stm32f407xx.o [1]
  .text              ro code   0x800'd2e8     0x4  startup_stm32f407xx.o [1]
  .text              ro code   0x800'd2ec     0x4  startup_stm32f407xx.o [1]
  .text              ro code   0x800'd2f0     0x4  startup_stm32f407xx.o [1]
  .text              ro code   0x800'd2f4     0x4  startup_stm32f407xx.o [1]
  .text              ro code   0x800'd2f8     0x4  startup_stm32f407xx.o [1]
  .text              ro code   0x800'd2fc     0x4  startup_stm32f407xx.o [1]
  .text              ro code   0x800'd300     0x4  startup_stm32f407xx.o [1]
  .text              ro code   0x800'd304     0x4  startup_stm32f407xx.o [1]
  .rodata            const     0x800'd308     0x0  zero_init3.o [11]
  .rodata            const     0x800'd308     0x0  packbits_init_single.o [11]
  Initializer bytes  const     0x800'd308    0x85  <for P2-1>
                             - 0x800'd38d  0xd205

"P2", part 1 of 3:                           0xb5
  P2-1                        0x2000'0000    0xb5  <Init block>
    .data            inited   0x2000'0000    0x14  ethernetif.o [4]
    .data            inited   0x2000'0014     0x4  stm32f4xx_hal.o [7]
    .data            inited   0x2000'0018     0x4  system_stm32f4xx.o [6]
    .data            inited   0x2000'001c     0x4  tcp.o [8]
    .data            inited   0x2000'0020     0x8  rand.o [9]
    .data            inited   0x2000'0028    0x38  xlocale_c.o [9]
    .data            inited   0x2000'0060    0x48  xfiles.o [9]
    .data            inited   0x2000'00a8     0x8  XShttio.o [9]
    .data            inited   0x2000'00b0     0x2  tcp.o [8]
    .data            inited   0x2000'00b2     0x2  udp.o [8]
    .data            inited   0x2000'00b4     0x1  stm32f4xx_hal.o [7]
                            - 0x2000'00b5    0xb5

"P2", part 2 of 3:                         0x83bc
  .bss               zero     0x2000'00b8  0x4984  ethernetif.o [4]
  .bss               zero     0x2000'4a3c  0x2604  memp.o [8]
  .bss               zero     0x2000'7040   0x654  mem.o [8]
  .bss               zero     0x2000'7694   0x310  memp.o [8]
  .bss               zero     0x2000'79a4   0x16c  memp.o [8]
  .bss               zero     0x2000'7b10   0x104  memp.o [8]
  .bss               zero     0x2000'7c14   0x104  memp.o [8]
  .bss               zero     0x2000'7d18    0xf0  etharp.o [8]
  .bss               zero     0x2000'7e08    0xe4  memp.o [8]
  .bss               zero     0x2000'7eec    0xb0  ethernetif.o [4]
  .bss               zero     0x2000'7f9c    0xa4  memp.o [8]
  .bss               zero     0x2000'8040    0xa0  ethernetif.o [4]
  .bss               zero     0x2000'80e0    0xa0  ethernetif.o [4]
  .bss               zero     0x2000'8180    0x84  memp.o [8]
  .bss               zero     0x2000'8204    0x84  rand.o [9]
  .bss               zero     0x2000'8288    0x50  xfiles.o [9]
  .bss               zero     0x2000'82d8    0x38  ethernetif.o [4]
  .bss               zero     0x2000'8310    0x34  lwip.o [3]
  .bss               zero     0x2000'8344    0x34  memp.o [8]
  .bss               zero     0x2000'8378    0x20  ethernetif.o [4]
  .bss               zero     0x2000'8398    0x18  ip.o [8]
  .bss               zero     0x2000'83b0    0x10  tcp_in.o [8]
  .bss               zero     0x2000'83c0     0x4  ethernetif.o [4]
  .bss               zero     0x2000'83c4     0x4  ip4_frag.o [8]
  .bss               zero     0x2000'83c8     0x4  lwip.o [3]
  .bss               zero     0x2000'83cc     0x4  lwip.o [3]
  .bss               zero     0x2000'83d0     0x4  lwip.o [3]
  .bss               zero     0x2000'83d4     0x4  lwip.o [3]
  .bss               zero     0x2000'83d8     0x4  lwip.o [3]
  .bss               zero     0x2000'83dc     0x4  lwip.o [3]
  .bss               zero     0x2000'83e0     0x4  mem.o [8]
  .bss               zero     0x2000'83e4     0x4  mem.o [8]
  .bss               zero     0x2000'83e8     0x4  mem.o [8]
  .bss               zero     0x2000'83ec     0x4  memp.o [8]
  .bss               zero     0x2000'83f0     0x4  memp.o [8]
  .bss               zero     0x2000'83f4     0x4  memp.o [8]
  .bss               zero     0x2000'83f8     0x4  memp.o [8]
  .bss               zero     0x2000'83fc     0x4  memp.o [8]
  .bss               zero     0x2000'8400     0x4  memp.o [8]
  .bss               zero     0x2000'8404     0x4  memp.o [8]
  .bss               zero     0x2000'8408     0x4  memp.o [8]
  .bss               zero     0x2000'840c     0x4  memp.o [8]
  .bss               zero     0x2000'8410     0x4  netif.o [8]
  .bss               zero     0x2000'8414     0x4  netif.o [8]
  .bss               zero     0x2000'8418     0x4  stm32f4xx_hal.o [7]
  .bss               zero     0x2000'841c     0x4  tcp.o [8]
  .bss               zero     0x2000'8420     0x4  tcp.o [8]
  .bss               zero     0x2000'8424     0x4  tcp.o [8]
  .bss               zero     0x2000'8428     0x4  tcp.o [8]
  .bss               zero     0x2000'842c     0x4  tcp.o [8]
  .bss               zero     0x2000'8430     0x4  tcp_in.o [8]
  .bss               zero     0x2000'8434     0x4  tcp_in.o [8]
  .bss               zero     0x2000'8438     0x4  tcp_in.o [8]
  .bss               zero     0x2000'843c     0x4  tcp_in.o [8]
  .bss               zero     0x2000'8440     0x4  tcp_in.o [8]
  .bss               zero     0x2000'8444     0x4  tcp_in.o [8]
  .bss               zero     0x2000'8448     0x4  timeouts.o [8]
  .bss               zero     0x2000'844c     0x4  timeouts.o [8]
  .bss               zero     0x2000'8450     0x4  timeouts.o [8]
  .bss               zero     0x2000'8454     0x4  udp.o [8]
  .bss               zero     0x2000'8458     0x4  xfail_s.o [9]
  .bss               zero     0x2000'845c     0x2  ip4.o [8]
  .bss               zero     0x2000'845e     0x2  ip4_frag.o [8]
  .bss               zero     0x2000'8460     0x2  tcp_in.o [8]
  .bss               zero     0x2000'8462     0x2  tcp_in.o [8]
  .bss               zero     0x2000'8464     0x2  tcp_in.o [8]
  .bss               zero     0x2000'8466     0x2  tcp_in.o [8]
  .bss               zero     0x2000'8468     0x2  tcp_in.o [8]
  .bss               zero     0x2000'846a     0x1  etharp.o [8]
  .bss               zero     0x2000'846b     0x1  ethernetif.o [4]
  .bss               zero     0x2000'846c     0x1  netif.o [8]
  .bss               zero     0x2000'846d     0x1  pbuf.o [8]
  .bss               zero     0x2000'846e     0x1  tcp.o [8]
  .bss               zero     0x2000'846f     0x1  tcp.o [8]
  .bss               zero     0x2000'8470     0x1  tcp.o [8]
  .bss               zero     0x2000'8471     0x1  tcp_in.o [8]
  .bss               zero     0x2000'8472     0x1  tcp_in.o [8]
                            - 0x2000'8473  0x83bb

"P2", part 3 of 3:                         0x2000
  CSTACK                      0x2000'8478  0x2000  <Block>
    CSTACK           uninit   0x2000'8478  0x2000  <Block tail>
                            - 0x2000'a478  0x2000

Unused ranges:

         From           To      Size
         ----           --      ----
   0x800'd38d   0x80f'ffff  0xf'2c73
  0x2000'00b5  0x2000'00b7       0x3
  0x2000'8474  0x2000'8477       0x4
  0x2000'a478  0x2001'ffff  0x1'5b88


*******************************************************************************
*** INIT TABLE
***

          Address      Size
          -------      ----
Zero (__iar_zero_init3)
    1 destination range, total size 0x83bb:
          0x2000'00b8  0x83bb

Copy/packbits (__iar_packbits_init_single3)
    1 source range, total size 0x85 (73% of destination):
           0x800'd308    0x85
    1 destination range, total size 0xb5:
          0x2000'0000    0xb5



*******************************************************************************
*** MODULE SUMMARY
***

    Module                  ro code  ro data  rw data
    ------                  -------  -------  -------
command line/config:
    -------------------------------------------------
    Total:

G:\shbashka\enthernet_prj\EWARM\enthernet_prj\Obj\Application\EWARM: [1]
    startup_stm32f407xx.o       732
    -------------------------------------------------
    Total:                      732

G:\shbashka\enthernet_prj\EWARM\enthernet_prj\Obj\Application\User\Core: [2]
    gpio.o                      328
    main.o                      216
    stm32f4xx_hal_msp.o          64
    stm32f4xx_it.o               24
    -------------------------------------------------
    Total:                      632

G:\shbashka\enthernet_prj\EWARM\enthernet_prj\Obj\Application\User\LWIP\App: [3]
    lwip.o                      226                76
    -------------------------------------------------
    Total:                      226                76

G:\shbashka\enthernet_prj\EWARM\enthernet_prj\Obj\Application\User\LWIP\Target: [4]
    ethernetif.o              1'116      134   19'429
    -------------------------------------------------
    Total:                    1'116      134   19'429

G:\shbashka\enthernet_prj\EWARM\enthernet_prj\Obj\Drivers\BSP\Components: [5]
    lan8742.o                   466
    -------------------------------------------------
    Total:                      466

G:\shbashka\enthernet_prj\EWARM\enthernet_prj\Obj\Drivers\CMSIS: [6]
    system_stm32f4xx.o           16       19        4
    -------------------------------------------------
    Total:                       16       19        4

G:\shbashka\enthernet_prj\EWARM\enthernet_prj\Obj\Drivers\STM32F4xx_HAL_Driver: [7]
    stm32f4xx_hal.o             204        4        9
    stm32f4xx_hal_cortex.o      256
    stm32f4xx_hal_eth.o       2'758
    stm32f4xx_hal_gpio.o        536
    stm32f4xx_hal_rcc.o       1'436
    -------------------------------------------------
    Total:                    5'190        4        9

G:\shbashka\enthernet_prj\EWARM\enthernet_prj\Obj\Middlewares\LwIP: [8]
    def.o                        44
    etharp.o                  2'688      604      241
    ethernet.o                  300      184
    icmp.o                      616      268
    init.o                       68      180
    ip.o                                           24
    ip4.o                       948      176        2
    ip4_addr.o                   76        4
    ip4_frag.o                2'364      560        6
    mem.o                     1'440      628    1'632
    memp.o                      360      404   12'012
    netif.o                   1'020      428        9
    pbuf.o                    2'196      892        1
    tcp.o                     4'318    1'428       29
    tcp_in.o                  6'780    1'176       52
    tcp_out.o                 4'208    1'368
    timeouts.o                  380      260       12
    udp.o                       708      270        6
    -------------------------------------------------
    Total:                   28'514    8'830   14'026

dl7M_tlf.a: [9]
    XShttio.o                     8        6        8
    abort.o                       6
    exit.o                        4
    low_level_init.o              4
    printf.o                     40
    putchar.o                    68
    rand.o                      156        6      140
    xfail_s.o                    64                 4
    xfiles.o                              53      152
    xlocale_c.o                   8       44       56
    xprintffull_nomb.o        3'754
    xprout.o                     22
    -------------------------------------------------
    Total:                    4'134      109      360

m7M_tls.a: [10]
    DblAddSub.o                 590
    DblCmpGe.o                   52
    DblCmpLe.o                   52
    DblDiv.o                    582
    DblMul.o                    426
    DblToS32.o                   54
    DblToU32.o                   34
    S32ToDbl.o                   34
    U32ToDbl.o                   28
    fpinit_M.o                   34
    frexp.o                     112
    ldexp.o                     314
    -------------------------------------------------
    Total:                    2'312

rt7M_tl.a: [11]
    ABImemclr4.o                  6
    ABImemcpy.o                 166
    ABImemset.o                 102
    ABImemset48.o                50
    I64DivMod.o                 560
    I64DivZer.o                   2
    cexit.o                      10
    cmain.o                      30
    cstartup_M.o                 28
    data_init.o                  40
    memchr.o                     88
    memcmp.o                    104
    memset.o                     20
    packbits_init_single.o       58
    strchr.o                     22
    strlen.o                     54
    zero_init3.o                 56
    -------------------------------------------------
    Total:                    1'396

shb_l.a: [12]
    dwrite.o                     30
    exit.o                       20
    iarttio.o                   124
    iarwrite.o                   34
    iarwstd.o                    32
    write.o                      16
    -------------------------------------------------
    Total:                      256

    Gaps                         33        6
    Linker created                        32    8'192
-----------------------------------------------------
    Grand Total:             45'023    9'134   42'096


*******************************************************************************
*** ENTRY LIST
***

Entry                       Address    Size  Type      Object
-----                       -------    ----  ----      ------
.iar.init_table$$Base    0x800'c4a8           --   Gb  - Linker created -
.iar.init_table$$Limit   0x800'c4c8           --   Gb  - Linker created -
?main                    0x800'c7e9          Code  Gb  cmain.o [11]
ADC_IRQHandler           0x800'd20d          Code  Wk  startup_stm32f407xx.o [1]
AHBPrescTable            0x800'cfe8    0x10  Data  Gb  system_stm32f4xx.o [6]
BusFault_Handler         0x800'ce3f     0x2  Code  Gb  stm32f4xx_it.o [2]
CAN1_RX0_IRQHandler      0x800'd215          Code  Wk  startup_stm32f407xx.o [1]
CAN1_RX1_IRQHandler      0x800'd219          Code  Wk  startup_stm32f407xx.o [1]
CAN1_SCE_IRQHandler      0x800'd21d          Code  Wk  startup_stm32f407xx.o [1]
CAN1_TX_IRQHandler       0x800'd211          Code  Wk  startup_stm32f407xx.o [1]
CAN2_RX0_IRQHandler      0x800'd2c5          Code  Wk  startup_stm32f407xx.o [1]
CAN2_RX1_IRQHandler      0x800'd2c9          Code  Wk  startup_stm32f407xx.o [1]
CAN2_SCE_IRQHandler      0x800'd2cd          Code  Wk  startup_stm32f407xx.o [1]
CAN2_TX_IRQHandler       0x800'd2c1          Code  Wk  startup_stm32f407xx.o [1]
CSTACK$$Base            0x2000'8478           --   Gb  - Linker created -
CSTACK$$Limit           0x2000'a478           --   Gb  - Linker created -
DCMI_IRQHandler          0x800'd2fd          Code  Wk  startup_stm32f407xx.o [1]
DMA1_Stream0_IRQHandler
                         0x800'd1f1          Code  Wk  startup_stm32f407xx.o [1]
DMA1_Stream1_IRQHandler
                         0x800'd1f5          Code  Wk  startup_stm32f407xx.o [1]
DMA1_Stream2_IRQHandler
                         0x800'd1f9          Code  Wk  startup_stm32f407xx.o [1]
DMA1_Stream3_IRQHandler
                         0x800'd1fd          Code  Wk  startup_stm32f407xx.o [1]
DMA1_Stream4_IRQHandler
                         0x800'd201          Code  Wk  startup_stm32f407xx.o [1]
DMA1_Stream5_IRQHandler
                         0x800'd205          Code  Wk  startup_stm32f407xx.o [1]
DMA1_Stream6_IRQHandler
                         0x800'd209          Code  Wk  startup_stm32f407xx.o [1]
DMA1_Stream7_IRQHandler
                         0x800'd281          Code  Wk  startup_stm32f407xx.o [1]
DMA2_Stream0_IRQHandler
                         0x800'd2a5          Code  Wk  startup_stm32f407xx.o [1]
DMA2_Stream1_IRQHandler
                         0x800'd2a9          Code  Wk  startup_stm32f407xx.o [1]
DMA2_Stream2_IRQHandler
                         0x800'd2ad          Code  Wk  startup_stm32f407xx.o [1]
DMA2_Stream3_IRQHandler
                         0x800'd2b1          Code  Wk  startup_stm32f407xx.o [1]
DMA2_Stream4_IRQHandler
                         0x800'd2b5          Code  Wk  startup_stm32f407xx.o [1]
DMA2_Stream5_IRQHandler
                         0x800'd2d5          Code  Wk  startup_stm32f407xx.o [1]
DMA2_Stream6_IRQHandler
                         0x800'd2d9          Code  Wk  startup_stm32f407xx.o [1]
DMA2_Stream7_IRQHandler
                         0x800'd2dd          Code  Wk  startup_stm32f407xx.o [1]
DMARxDscrTab            0x2000'8040    0xa0  Data  Gb  ethernetif.o [4]
DMATxDscrTab            0x2000'80e0    0xa0  Data  Gb  ethernetif.o [4]
DebugMon_Handler         0x800'ce45     0x2  Code  Gb  stm32f4xx_it.o [2]
ETH_DMARxDescListInit    0x800'9975    0x80  Code  Lc  stm32f4xx_hal_eth.o [7]
ETH_DMATxDescListInit    0x800'9911    0x64  Code  Lc  stm32f4xx_hal_eth.o [7]
ETH_FlushTransmitFIFO    0x800'95fd    0x2c  Code  Lc  stm32f4xx_hal_eth.o [7]
ETH_IRQHandler           0x800'd2b9          Code  Wk  startup_stm32f407xx.o [1]
ETH_MACAddressConfig     0x800'98b1    0x2a  Code  Lc  stm32f4xx_hal_eth.o [7]
ETH_MACDMAConfig         0x800'97d5    0xdc  Code  Lc  stm32f4xx_hal_eth.o [7]
ETH_PHY_IO_DeInit        0x800'6a25     0x4  Code  Gb  ethernetif.o [4]
ETH_PHY_IO_GetTick       0x800'6a61     0x8  Code  Gb  ethernetif.o [4]
ETH_PHY_IO_Init          0x800'6a19     0xc  Code  Gb  ethernetif.o [4]
ETH_PHY_IO_ReadReg       0x800'6a29    0x1c  Code  Gb  ethernetif.o [4]
ETH_PHY_IO_WriteReg      0x800'6a45    0x1c  Code  Gb  ethernetif.o [4]
ETH_Prepare_Tx_Descriptors
                         0x800'99f5   0x176  Code  Lc  stm32f4xx_hal_eth.o [7]
ETH_SetDMAConfig         0x800'972b    0xaa  Code  Lc  stm32f4xx_hal_eth.o [7]
ETH_SetMACConfig         0x800'9629   0x102  Code  Lc  stm32f4xx_hal_eth.o [7]
ETH_UpdateDescriptor     0x800'9321    0xa4  Code  Lc  stm32f4xx_hal_eth.o [7]
ETH_WKUP_IRQHandler      0x800'd2bd          Code  Wk  startup_stm32f407xx.o [1]
EXTI0_IRQHandler         0x800'd1dd          Code  Wk  startup_stm32f407xx.o [1]
EXTI15_10_IRQHandler     0x800'd265          Code  Wk  startup_stm32f407xx.o [1]
EXTI1_IRQHandler         0x800'd1e1          Code  Wk  startup_stm32f407xx.o [1]
EXTI2_IRQHandler         0x800'd1e5          Code  Wk  startup_stm32f407xx.o [1]
EXTI3_IRQHandler         0x800'd1e9          Code  Wk  startup_stm32f407xx.o [1]
EXTI4_IRQHandler         0x800'd1ed          Code  Wk  startup_stm32f407xx.o [1]
EXTI9_5_IRQHandler       0x800'd221          Code  Wk  startup_stm32f407xx.o [1]
Error_Handler            0x800'9e11     0x4  Code  Gb  main.o [2]
FLASH_IRQHandler         0x800'd1d5          Code  Wk  startup_stm32f407xx.o [1]
FPU_IRQHandler           0x800'd305          Code  Wk  startup_stm32f407xx.o [1]
FSMC_IRQHandler          0x800'd285          Code  Wk  startup_stm32f407xx.o [1]
GATEWAY_ADDRESS         0x2000'83dc     0x4  Data  Gb  lwip.o [3]
HAL_Delay                0x800'a179    0x28  Code  Wk  stm32f4xx_hal.o [7]
HAL_ETH_GetMACConfig     0x800'9471   0x102  Code  Gb  stm32f4xx_hal_eth.o [7]
HAL_ETH_Init             0x800'90a5    0xb8  Code  Gb  stm32f4xx_hal_eth.o [7]
HAL_ETH_MspInit          0x800'691f    0xfa  Code  Gb  ethernetif.o [4]
HAL_ETH_ReadPHYRegister
                         0x800'93c5    0x58  Code  Gb  stm32f4xx_hal_eth.o [7]
HAL_ETH_RxAllocateCallback
                         0x800'6b1f    0x3c  Code  Gb  ethernetif.o [4]
HAL_ETH_SetMACConfig     0x800'9573    0x1e  Code  Gb  stm32f4xx_hal_eth.o [7]
HAL_ETH_SetMDIOClockRange
                         0x800'9591    0x64  Code  Gb  stm32f4xx_hal_eth.o [7]
HAL_ETH_Start            0x800'915d    0x80  Code  Gb  stm32f4xx_hal_eth.o [7]
HAL_ETH_Stop             0x800'91dd    0x76  Code  Gb  stm32f4xx_hal_eth.o [7]
HAL_ETH_Transmit         0x800'9253    0xce  Code  Gb  stm32f4xx_hal_eth.o [7]
HAL_ETH_WritePHYRegister
                         0x800'941d    0x54  Code  Gb  stm32f4xx_hal_eth.o [7]
HAL_GPIO_Init            0x800'9e29   0x1b6  Code  Gb  stm32f4xx_hal_gpio.o [7]
HAL_GPIO_TogglePin       0x800'9ff3    0x14  Code  Gb  stm32f4xx_hal_gpio.o [7]
HAL_GPIO_WritePin        0x800'9fdf    0x14  Code  Gb  stm32f4xx_hal_gpio.o [7]
HAL_GetTick              0x800'9e1d     0xc  Code  Wk  stm32f4xx_hal.o [7]
HAL_IncTick              0x800'ce21    0x18  Code  Wk  stm32f4xx_hal.o [7]
HAL_Init                 0x800'a2f9    0x30  Code  Gb  stm32f4xx_hal.o [7]
HAL_InitTick             0x800'aa61    0x4c  Code  Wk  stm32f4xx_hal.o [7]
HAL_MspInit              0x800'abad    0x40  Code  Gb  stm32f4xx_hal_msp.o [2]
HAL_NVIC_SetPriority     0x800'ab67    0x22  Code  Gb  stm32f4xx_hal_cortex.o [7]
HAL_NVIC_SetPriorityGrouping
                         0x800'ab5f     0x8  Code  Gb  stm32f4xx_hal_cortex.o [7]
HAL_RCC_ClockConfig      0x800'a1a1   0x13a  Code  Gb  stm32f4xx_hal_rcc.o [7]
HAL_RCC_GetHCLKFreq      0x800'a2db     0x6  Code  Gb  stm32f4xx_hal_rcc.o [7]
HAL_RCC_GetSysClockFreq
                         0x800'a9e1    0x80  Code  Wk  stm32f4xx_hal_rcc.o [7]
HAL_RCC_OscConfig        0x800'a56d   0x3c4  Code  Wk  stm32f4xx_hal_rcc.o [7]
HAL_SYSTICK_Config       0x800'ab89     0x8  Code  Gb  stm32f4xx_hal_cortex.o [7]
HASH_RNG_IRQHandler      0x800'd301          Code  Wk  startup_stm32f407xx.o [1]
HardFault_Handler        0x800'ce3b     0x2  Code  Gb  stm32f4xx_it.o [2]
I2C1_ER_IRQHandler       0x800'd245          Code  Wk  startup_stm32f407xx.o [1]
I2C1_EV_IRQHandler       0x800'd241          Code  Wk  startup_stm32f407xx.o [1]
I2C2_ER_IRQHandler       0x800'd24d          Code  Wk  startup_stm32f407xx.o [1]
I2C2_EV_IRQHandler       0x800'd249          Code  Wk  startup_stm32f407xx.o [1]
I2C3_ER_IRQHandler       0x800'd2e9          Code  Wk  startup_stm32f407xx.o [1]
I2C3_EV_IRQHandler       0x800'd2e5          Code  Wk  startup_stm32f407xx.o [1]
IP_ADDRESS              0x2000'83d4     0x4  Data  Gb  lwip.o [3]
LAN8742                 0x2000'8378    0x20  Data  Gb  ethernetif.o [4]
LAN8742_GetLinkState     0x800'9c75    0xc8  Code  Gb  lan8742.o [5]
LAN8742_IOCtx           0x2000'0000    0x14  Data  Gb  ethernetif.o [4]
LAN8742_Init             0x800'9b9f    0xd6  Code  Gb  lan8742.o [5]
LAN8742_RegisterBusIO    0x800'9b6b    0x34  Code  Gb  lan8742.o [5]
MX_GPIO_Init             0x800'a32d   0x148  Code  Gb  gpio.o [2]
MX_LWIP_Init             0x800'a475    0xbc  Code  Gb  lwip.o [3]
MemManage_Handler        0x800'ce3d     0x2  Code  Gb  stm32f4xx_it.o [2]
NETMASK_ADDRESS         0x2000'83d8     0x4  Data  Gb  lwip.o [3]
NMI_Handler              0x800'ce39     0x2  Code  Gb  stm32f4xx_it.o [2]
NVIC_EncodePriority      0x800'aaf5    0x3c  Code  Lc  stm32f4xx_hal_cortex.o [7]
OTG_FS_IRQHandler        0x800'd2d1          Code  Wk  startup_stm32f407xx.o [1]
OTG_FS_WKUP_IRQHandler   0x800'd26d          Code  Wk  startup_stm32f407xx.o [1]
OTG_HS_EP1_IN_IRQHandler
                         0x800'd2f1          Code  Wk  startup_stm32f407xx.o [1]
OTG_HS_EP1_OUT_IRQHandler
                         0x800'd2ed          Code  Wk  startup_stm32f407xx.o [1]
OTG_HS_IRQHandler        0x800'd2f9          Code  Wk  startup_stm32f407xx.o [1]
OTG_HS_WKUP_IRQHandler   0x800'd2f5          Code  Wk  startup_stm32f407xx.o [1]
PVD_IRQHandler           0x800'd1c9          Code  Wk  startup_stm32f407xx.o [1]
PendSV_Handler           0x800'ce47     0x2  Code  Gb  stm32f4xx_it.o [2]
RCC_IRQHandler           0x800'd1d9          Code  Wk  startup_stm32f407xx.o [1]
RTC_Alarm_IRQHandler     0x800'd269          Code  Wk  startup_stm32f407xx.o [1]
RTC_WKUP_IRQHandler      0x800'd1d1          Code  Wk  startup_stm32f407xx.o [1]
Region$$Table$$Base      0x800'c4a8           --   Gb  - Linker created -
Region$$Table$$Limit     0x800'c4c8           --   Gb  - Linker created -
Reset_Handler            0x800'd089          Code  Wk  startup_stm32f407xx.o [1]
RxAllocStatus           0x2000'846b     0x1  Data  Lc  ethernetif.o [4]
SDIO_IRQHandler          0x800'd289          Code  Wk  startup_stm32f407xx.o [1]
SPI1_IRQHandler          0x800'd251          Code  Wk  startup_stm32f407xx.o [1]
SPI2_IRQHandler          0x800'd255          Code  Wk  startup_stm32f407xx.o [1]
SPI3_IRQHandler          0x800'd291          Code  Wk  startup_stm32f407xx.o [1]
SVC_Handler              0x800'ce43     0x2  Code  Gb  stm32f4xx_it.o [2]
SysTick_Config           0x800'ab31    0x2e  Code  Lc  stm32f4xx_hal_cortex.o [7]
SysTick_Handler          0x800'ce49     0x8  Code  Gb  stm32f4xx_it.o [2]
SystemClock_Config       0x800'9d61    0xa4  Code  Gb  main.o [2]
SystemCoreClock         0x2000'0018     0x4  Data  Gb  system_stm32f4xx.o [6]
SystemInit               0x800'd099     0xc  Code  Gb  system_stm32f4xx.o [6]
TAMP_STAMP_IRQHandler    0x800'd1cd          Code  Wk  startup_stm32f407xx.o [1]
TIM1_BRK_TIM9_IRQHandler
                         0x800'd225          Code  Wk  startup_stm32f407xx.o [1]
TIM1_CC_IRQHandler       0x800'd231          Code  Wk  startup_stm32f407xx.o [1]
TIM1_TRG_COM_TIM11_IRQHandler
                         0x800'd22d          Code  Wk  startup_stm32f407xx.o [1]
TIM1_UP_TIM10_IRQHandler
                         0x800'd229          Code  Wk  startup_stm32f407xx.o [1]
TIM2_IRQHandler          0x800'd235          Code  Wk  startup_stm32f407xx.o [1]
TIM3_IRQHandler          0x800'd239          Code  Wk  startup_stm32f407xx.o [1]
TIM4_IRQHandler          0x800'd23d          Code  Wk  startup_stm32f407xx.o [1]
TIM5_IRQHandler          0x800'd28d          Code  Wk  startup_stm32f407xx.o [1]
TIM6_DAC_IRQHandler      0x800'd29d          Code  Wk  startup_stm32f407xx.o [1]
TIM7_IRQHandler          0x800'd2a1          Code  Wk  startup_stm32f407xx.o [1]
TIM8_BRK_TIM12_IRQHandler
                         0x800'd271          Code  Wk  startup_stm32f407xx.o [1]
TIM8_CC_IRQHandler       0x800'd27d          Code  Wk  startup_stm32f407xx.o [1]
TIM8_TRG_COM_TIM14_IRQHandler
                         0x800'd279          Code  Wk  startup_stm32f407xx.o [1]
TIM8_UP_TIM13_IRQHandler
                         0x800'd275          Code  Wk  startup_stm32f407xx.o [1]
TxConfig                0x2000'82d8    0x38  Data  Gb  ethernetif.o [4]
UART4_IRQHandler         0x800'd295          Code  Wk  startup_stm32f407xx.o [1]
UART5_IRQHandler         0x800'd299          Code  Wk  startup_stm32f407xx.o [1]
USART1_IRQHandler        0x800'd259          Code  Wk  startup_stm32f407xx.o [1]
USART2_IRQHandler        0x800'd25d          Code  Wk  startup_stm32f407xx.o [1]
USART3_IRQHandler        0x800'd261          Code  Wk  startup_stm32f407xx.o [1]
USART6_IRQHandler        0x800'd2e1          Code  Wk  startup_stm32f407xx.o [1]
UsageFault_Handler       0x800'ce41     0x2  Code  Gb  stm32f4xx_it.o [2]
WWDG_IRQHandler          0x800'd1c5          Code  Wk  startup_stm32f407xx.o [1]
_LC                      0x800'4bf1     0x6  Code  Lc  xprintffull_nomb.o [9]
_LitobFullNoMb           0x800'58b9   0x114  Code  Lc  xprintffull_nomb.o [9]
_Locale_lconv           0x2000'0028    0x38  Data  Lc  xlocale_c.o [9]
_PrintfFullNoMb          0x800'4bf7   0xc92  Code  Gb  xprintffull_nomb.o [9]
_Prout                   0x800'ce51    0x16  Code  Gb  xprout.o [9]
_PutcharsFullNoMb        0x800'5a25    0x2e  Code  Lc  xprintffull_nomb.o [9]
_Rand_idx               0x2000'8284     0x4  Data  Lc  rand.o [9]
_Rand_rv                0x2000'8204    0x80  Data  Lc  rand.o [9]
_Randinit               0x2000'0020     0x1  Data  Gb  rand.o [9]
_Randseed               0x2000'0024     0x4  Data  Gb  rand.o [9]
__NVIC_GetPriorityGrouping
                         0x800'aac7     0xa  Code  Lc  stm32f4xx_hal_cortex.o [7]
__NVIC_SetPriority       0x800'aad1    0x24  Code  Lc  stm32f4xx_hal_cortex.o [7]
__NVIC_SetPriorityGrouping
                         0x800'aaad    0x1a  Code  Lc  stm32f4xx_hal_cortex.o [7]
__aeabi_cdcmple          0x800'7b69          Code  Gb  DblCmpLe.o [10]
__aeabi_cdrcmple         0x800'7b9d          Code  Gb  DblCmpGe.o [10]
__aeabi_d2iz             0x800'7d0d          Code  Gb  DblToS32.o [10]
__aeabi_d2uiz            0x800'8201          Code  Gb  DblToU32.o [10]
__aeabi_ddiv             0x800'7fb9          Code  Gb  DblDiv.o [10]
__aeabi_dmul             0x800'8241          Code  Gb  DblMul.o [10]
__aeabi_dsub             0x800'7ed5          Code  Gb  DblAddSub.o [10]
__aeabi_i2d              0x800'7d45          Code  Gb  S32ToDbl.o [10]
__aeabi_ldiv0            0x800'a049          Code  Gb  I64DivZer.o [11]
__aeabi_memclr4          0x800'9e15          Code  Gb  ABImemclr4.o [11]
__aeabi_memcpy           0x800'61a5          Code  Gb  ABImemcpy.o [11]
__aeabi_memcpy4          0x800'61c5          Code  Gb  ABImemcpy.o [11]
__aeabi_memcpy8          0x800'61c5          Code  Gb  ABImemcpy.o [11]
__aeabi_memset           0x800'62e9          Code  Gb  ABImemset.o [11]
__aeabi_ui2d             0x800'8225          Code  Gb  U32ToDbl.o [10]
__aeabi_uldivmod         0x800'83f5          Code  Gb  I64DivMod.o [11]
__cmain                  0x800'c7e9          Code  Gb  cmain.o [11]
__dwrite                 0x800'b249    0x1e  Code  Gb  dwrite.o [12]
__exit                   0x800'a965    0x14  Code  Gb  exit.o [12]
__iar_Fail_s             0x800'7a29    0x1c  Code  Gb  xfail_s.o [9]
__iar_Memchr             0x800'7aa1          Code  Gb  memchr.o [11]
__iar_Memset             0x800'62e9          Code  Gb  ABImemset.o [11]
__iar_Memset4_word       0x800'a931          Code  Gb  ABImemset48.o [11]
__iar_Memset8_word       0x800'a931          Code  Gb  ABImemset48.o [11]
__iar_Memset_word        0x800'62f1          Code  Gb  ABImemset.o [11]
__iar_Stdout            0x2000'0060    0x48  Data  Gb  xfiles.o [9]
__iar_Strchr             0x800'7a11          Code  Gb  strchr.o [11]
__iar_close_ttio         0x800'ac31    0x2c  Code  Gb  iarttio.o [12]
__iar_data_init3         0x800'c145    0x28  Code  Gb  data_init.o [11]
__iar_frexp              0x800'7b05          Code  Gb  frexp.o [10]
__iar_frexpl             0x800'7b05          Code  Gb  frexp.o [10]
__iar_get_ttio           0x800'ac5d    0x4c  Code  Gb  iarttio.o [12]
__iar_init_vfp           0x800'c485          Code  Gb  fpinit_M.o [10]
__iar_ldexp64            0x800'7bd1          Code  Gb  ldexp.o [10]
__iar_lookup_ttioh       0x800'acad     0x8  Code  Gb  XShttio.o [9]
__iar_packbits_init_single3
                         0x800'3617    0x3a  Code  Gb  packbits_init_single.o [11]
__iar_program_start      0x800'cc0d          Code  Gb  cstartup_M.o [11]
__iar_scalbln64          0x800'7bd1          Code  Gb  ldexp.o [10]
__iar_scalbn64           0x800'7bd1          Code  Gb  ldexp.o [10]
__iar_sh_stdout          0x800'b267    0x20  Code  Gb  iarwstd.o [12]
__iar_sh_write           0x800'b287    0x22  Code  Gb  iarwrite.o [12]
__iar_softfp___iar_frexp64
                         0x800'7af9          Code  Gb  frexp.o [10]
__iar_softfp_frexp       0x800'7af9          Code  Gb  frexp.o [10]
__iar_softfp_frexpl      0x800'7af9          Code  Gb  frexp.o [10]
__iar_ttio_handles      0x2000'00a8     0x8  Data  Lc  XShttio.o [9]
__iar_zero_init3         0x800'b4f1    0x38  Code  Gb  zero_init3.o [11]
__low_level_init         0x800'c807     0x4  Code  Gb  low_level_init.o [9]
__vector_table           0x800'0000          Data  Gb  startup_stm32f407xx.o [1]
__write                  0x800'b239    0x10  Code  Gb  write.o [12]
_call_main               0x800'c7f5          Code  Gb  cmain.o [11]
_exit                    0x800'c811          Code  Gb  cexit.o [11]
abort                    0x800'a041     0x6  Code  Gb  abort.o [9]
ackno                   0x2000'843c     0x4  Data  Lc  tcp_in.o [8]
arp_table               0x2000'7d18    0xf0  Data  Lc  etharp.o [8]
current_timeout_due_time
                        0x2000'844c     0x4  Data  Lc  timeouts.o [8]
do_memp_free_pool        0x800'5b65    0x28  Code  Lc  memp.o [8]
do_memp_malloc_pool      0x800'5ae7    0x2e  Code  Lc  memp.o [8]
etharp_cached_entry     0x2000'846a     0x1  Data  Lc  etharp.o [8]
etharp_cleanup_netif     0x800'8a1b    0x36  Code  Gb  etharp.o [8]
etharp_find_entry        0x800'8709   0x234  Code  Lc  etharp.o [8]
etharp_free_entry        0x800'8625    0x32  Code  Lc  etharp.o [8]
etharp_input             0x800'8a51    0xe0  Code  Gb  etharp.o [8]
etharp_output            0x800'8c03   0x16e  Code  Gb  etharp.o [8]
etharp_output_to_arp_index
                         0x800'8b31    0xd2  Code  Lc  etharp.o [8]
etharp_query             0x800'8d71   0x1ce  Code  Gb  etharp.o [8]
etharp_raw               0x800'8f3f    0xea  Code  Lc  etharp.o [8]
etharp_request           0x800'9049     0xa  Code  Gb  etharp.o [8]
etharp_request_dst       0x800'9029    0x20  Code  Lc  etharp.o [8]
etharp_tmr               0x800'8657    0xb2  Code  Gb  etharp.o [8]
etharp_update_arp_entry
                         0x800'893d    0xde  Code  Lc  etharp.o [8]
ethbroadcast             0x800'd198     0x8  Data  Gb  ethernet.o [8]
ethernet_input           0x800'a04d    0xb4  Code  Gb  ethernet.o [8]
ethernet_link_check_state
                         0x800'6a69    0xb6  Code  Gb  ethernetif.o [4]
ethernet_link_status_updated
                         0x800'a555     0x2  Code  Lc  lwip.o [3]
ethernet_output          0x800'a101    0x68  Code  Gb  ethernet.o [8]
ethernetif_init          0x800'68cb    0x34  Code  Gb  ethernetif.o [4]
ethzero                  0x800'd1a0     0x8  Data  Gb  ethernet.o [8]
exit                     0x800'c80b     0x4  Code  Gb  exit.o [9]
flags                   0x2000'8471     0x1  Data  Lc  tcp_in.o [8]
gnetif                  0x2000'8310    0x34  Data  Gb  lwip.o [3]
gw                      0x2000'83d0     0x4  Data  Gb  lwip.o [3]
heth                    0x2000'7eec    0xb0  Data  Gb  ethernetif.o [4]
icmp_dest_unreach        0x800'7953     0xe  Code  Gb  icmp.o [8]
icmp_input               0x800'77a9   0x1aa  Code  Gb  icmp.o [8]
icmp_send_response       0x800'796f    0x8a  Code  Lc  icmp.o [8]
icmp_time_exceeded       0x800'7961     0xe  Code  Gb  icmp.o [8]
inseg                   0x2000'83b0    0x10  Data  Lc  tcp_in.o [8]
ip4_addr_isbroadcast_u32
                         0x800'24c1    0x4c  Code  Gb  ip4_addr.o [8]
ip4_frag                 0x800'7267   0x226  Code  Gb  ip4_frag.o [8]
ip4_input                0x800'48eb   0x1ca  Code  Gb  ip4.o [8]
ip4_input_accept         0x800'48bb    0x30  Code  Lc  ip4.o [8]
ip4_output_if            0x800'4ab5    0x2e  Code  Gb  ip4.o [8]
ip4_output_if_src        0x800'4ae3    0xe8  Code  Gb  ip4.o [8]
ip4_reass                0x800'6fd3   0x240  Code  Gb  ip4_frag.o [8]
ip4_route                0x800'483d    0x7e  Code  Gb  ip4.o [8]
ip_addr_any              0x800'd1c0     0x4  Data  Gb  ip4_addr.o [8]
ip_data                 0x2000'8398    0x18  Data  Gb  ip.o [8]
ip_frag_alloc_pbuf_custom_ref
                         0x800'7213     0xa  Code  Lc  ip4_frag.o [8]
ip_frag_free_pbuf_custom_ref
                         0x800'721d    0x20  Code  Lc  ip4_frag.o [8]
ip_id                   0x2000'845c     0x2  Data  Lc  ip4.o [8]
ip_reass_chain_frag_into_datagram_and_validate
                         0x800'6dfb   0x1d8  Code  Lc  ip4_frag.o [8]
ip_reass_dequeue_datagram
                         0x800'6dbf    0x3c  Code  Lc  ip4_frag.o [8]
ip_reass_enqueue_new_datagram
                         0x800'6d65    0x5a  Code  Lc  ip4_frag.o [8]
ip_reass_free_complete_datagram
                         0x800'6bd7   0x10c  Code  Lc  ip4_frag.o [8]
ip_reass_pbufcount      0x2000'845e     0x2  Data  Lc  ip4_frag.o [8]
ip_reass_remove_oldest_datagram
                         0x800'6ce3    0x82  Code  Lc  ip4_frag.o [8]
ip_reass_tmr             0x800'6ba9    0x2e  Code  Gb  ip4_frag.o [8]
ipaddr                  0x2000'83c8     0x4  Data  Gb  lwip.o [3]
ipfrag_free_pbuf_custom
                         0x800'723d    0x2a  Code  Lc  ip4_frag.o [8]
ldexp                    0x800'7bd1          Code  Gb  ldexp.o [10]
ldexpl                   0x800'7bd1          Code  Gb  ldexp.o [10]
lfree                   0x2000'83e8     0x4  Data  Lc  mem.o [8]
localeconv               0x800'83ed     0x4  Code  Gb  xlocale_c.o [9]
low_level_init           0x800'674d    0xea  Code  Lc  ethernetif.o [4]
low_level_output         0x800'6837    0x94  Code  Lc  ethernetif.o [4]
lwip_cyclic_timer        0x800'4787    0x38  Code  Lc  timeouts.o [8]
lwip_cyclic_timers       0x800'cdf0    0x18  Data  Gb  timeouts.o [8]
lwip_htonl               0x800'251d    0x1c  Code  Gb  def.o [8]
lwip_htons               0x800'250d    0x10  Code  Gb  def.o [8]
lwip_init                0x800'abed    0x44  Code  Gb  init.o [8]
main                     0x800'9d3d    0x24  Code  Gb  main.o [2]
mem_free                 0x800'5daf    0xa8  Code  Gb  mem.o [8]
mem_init                 0x800'5d11    0x46  Code  Gb  mem.o [8]
mem_link_valid           0x800'5d57    0x58  Code  Lc  mem.o [8]
mem_malloc               0x800'5fcf   0x182  Code  Gb  mem.o [8]
mem_to_ptr               0x800'5c11     0xc  Code  Lc  mem.o [8]
mem_trim                 0x800'5e57   0x178  Code  Gb  mem.o [8]
memchr                   0x800'7aa1          Code  Gb  memchr.o [11]
memcmp                   0x800'a979          Code  Gb  memcmp.o [11]
memp_FRAG_PBUF           0x800'd138     0xc  Data  Gb  memp.o [8]
memp_PBUF                0x800'd150     0xc  Data  Gb  memp.o [8]
memp_PBUF_POOL           0x800'd15c     0xc  Data  Gb  memp.o [8]
memp_REASSDATA           0x800'd12c     0xc  Data  Gb  memp.o [8]
memp_RX_POOL             0x800'd0b4     0xc  Data  Gb  ethernetif.o [4]
memp_SYS_TIMEOUT         0x800'd144     0xc  Data  Gb  memp.o [8]
memp_TCP_PCB             0x800'd108     0xc  Data  Gb  memp.o [8]
memp_TCP_PCB_LISTEN      0x800'd114     0xc  Data  Gb  memp.o [8]
memp_TCP_SEG             0x800'd120     0xc  Data  Gb  memp.o [8]
memp_UDP_PCB             0x800'd0fc     0xc  Data  Gb  memp.o [8]
memp_free                0x800'5bb9    0x2c  Code  Gb  memp.o [8]
memp_free_pool           0x800'5b8d    0x2c  Code  Gb  memp.o [8]
memp_init                0x800'5ac7    0x20  Code  Gb  memp.o [8]
memp_init_pool           0x800'5a9d    0x2a  Code  Gb  memp.o [8]
memp_malloc              0x800'5b3b    0x2a  Code  Gb  memp.o [8]
memp_malloc_pool         0x800'5b15    0x26  Code  Gb  memp.o [8]
memp_memory_FRAG_PBUF_base
                        0x2000'79a4   0x16c  Data  Gb  memp.o [8]
memp_memory_PBUF_POOL_base
                        0x2000'4a3c  0x2604  Data  Gb  memp.o [8]
memp_memory_PBUF_base   0x2000'7c14   0x104  Data  Gb  memp.o [8]
memp_memory_REASSDATA_base
                        0x2000'7f9c    0xa4  Data  Gb  memp.o [8]
memp_memory_RX_POOL_base
                        0x2000'00b8  0x4984  Data  Gb  ethernetif.o [4]
memp_memory_SYS_TIMEOUT_base
                        0x2000'8344    0x34  Data  Gb  memp.o [8]
memp_memory_TCP_PCB_LISTEN_base
                        0x2000'7e08    0xe4  Data  Gb  memp.o [8]
memp_memory_TCP_PCB_base
                        0x2000'7694   0x310  Data  Gb  memp.o [8]
memp_memory_TCP_SEG_base
                        0x2000'7b10   0x104  Data  Gb  memp.o [8]
memp_memory_UDP_PCB_base
                        0x2000'8180    0x84  Data  Gb  memp.o [8]
memp_pools               0x800'c244    0x24  Data  Gb  memp.o [8]
memp_tab_FRAG_PBUF      0x2000'8400     0x4  Data  Lc  memp.o [8]
memp_tab_PBUF           0x2000'8408     0x4  Data  Lc  memp.o [8]
memp_tab_PBUF_POOL      0x2000'840c     0x4  Data  Lc  memp.o [8]
memp_tab_REASSDATA      0x2000'83fc     0x4  Data  Lc  memp.o [8]
memp_tab_RX_POOL        0x2000'83c0     0x4  Data  Lc  ethernetif.o [4]
memp_tab_SYS_TIMEOUT    0x2000'8404     0x4  Data  Lc  memp.o [8]
memp_tab_TCP_PCB        0x2000'83f0     0x4  Data  Lc  memp.o [8]
memp_tab_TCP_PCB_LISTEN
                        0x2000'83f4     0x4  Data  Lc  memp.o [8]
memp_tab_TCP_SEG        0x2000'83f8     0x4  Data  Lc  memp.o [8]
memp_tab_UDP_PCB        0x2000'83ec     0x4  Data  Lc  memp.o [8]
memset                   0x800'a557    0x14  Code  Gb  memset.o [11]
netif_add                0x800'6353   0x130  Code  Gb  netif.o [8]
netif_default           0x2000'8414     0x4  Data  Gb  netif.o [8]
netif_do_ip_addr_changed
                         0x800'6483    0x18  Code  Lc  netif.o [8]
netif_do_set_gw          0x800'6523    0x1c  Code  Lc  netif.o [8]
netif_do_set_ipaddr      0x800'649b    0x6c  Code  Lc  netif.o [8]
netif_do_set_netmask     0x800'6507    0x1c  Code  Lc  netif.o [8]
netif_get_by_index       0x800'66df    0x2c  Code  Gb  netif.o [8]
netif_init               0x800'6351     0x2  Code  Gb  netif.o [8]
netif_issue_reports      0x800'65e1    0x40  Code  Lc  netif.o [8]
netif_list              0x2000'8410     0x4  Data  Gb  netif.o [8]
netif_null_output_ip4    0x800'66d9     0x6  Code  Lc  netif.o [8]
netif_num               0x2000'846c     0x1  Data  Lc  netif.o [8]
netif_set_addr           0x800'653f    0x6a  Code  Gb  netif.o [8]
netif_set_default        0x800'65a9     0x6  Code  Gb  netif.o [8]
netif_set_down           0x800'6621    0x38  Code  Gb  netif.o [8]
netif_set_link_callback
                         0x800'66d1     0x8  Code  Gb  netif.o [8]
netif_set_link_down      0x800'669b    0x36  Code  Gb  netif.o [8]
netif_set_link_up        0x800'6659    0x42  Code  Gb  netif.o [8]
netif_set_up             0x800'65af    0x32  Code  Gb  netif.o [8]
netmask                 0x2000'83cc     0x4  Data  Gb  lwip.o [3]
next_timeout            0x2000'8448     0x4  Data  Lc  timeouts.o [8]
obuf                    0x2000'8288    0x50  Data  Lc  xfiles.o [9]
pbuf_add_header          0x800'1ff7     0xa  Code  Gb  pbuf.o [8]
pbuf_add_header_impl     0x800'1f73    0x84  Code  Lc  pbuf.o [8]
pbuf_alloc               0x800'1c59   0x1be  Code  Gb  pbuf.o [8]
pbuf_alloc_reference     0x800'1e17    0x58  Code  Gb  pbuf.o [8]
pbuf_alloced_custom      0x800'1e6f    0x50  Code  Gb  pbuf.o [8]
pbuf_cat                 0x800'21ab    0x78  Code  Gb  pbuf.o [8]
pbuf_clen                0x800'2171    0x12  Code  Gb  pbuf.o [8]
pbuf_clone               0x800'2419    0x3a  Code  Gb  pbuf.o [8]
pbuf_copy                0x800'2223   0x13e  Code  Gb  pbuf.o [8]
pbuf_copy_partial        0x800'2361    0xb4  Code  Gb  pbuf.o [8]
pbuf_free                0x800'209b    0xd6  Code  Gb  pbuf.o [8]
pbuf_free_custom         0x800'68ff    0x18  Code  Gb  ethernetif.o [4]
pbuf_free_ooseq_pending
                        0x2000'846d     0x1  Data  Gb  pbuf.o [8]
pbuf_header_force        0x800'208f     0xc  Code  Gb  pbuf.o [8]
pbuf_header_impl         0x800'2071    0x1e  Code  Lc  pbuf.o [8]
pbuf_init_alloced_pbuf   0x800'1c37    0x22  Code  Lc  pbuf.o [8]
pbuf_pool_is_empty       0x800'1c2d     0xa  Code  Lc  pbuf.o [8]
pbuf_realloc             0x800'1ebf    0xb4  Code  Gb  pbuf.o [8]
pbuf_ref                 0x800'2183    0x28  Code  Gb  pbuf.o [8]
pbuf_remove_header       0x800'2001    0x70  Code  Gb  pbuf.o [8]
plug_holes               0x800'5c1d    0xf4  Code  Lc  mem.o [8]
printf                   0x800'1c05    0x28  Code  Gb  printf.o [9]
ptr_to_mem               0x800'5c05     0xc  Code  Lc  mem.o [8]
putchar                  0x800'b1f5    0x44  Code  Gb  putchar.o [9]
ram                     0x2000'83e0     0x4  Data  Lc  mem.o [8]
ram_end                 0x2000'83e4     0x4  Data  Lc  mem.o [8]
ram_heap                0x2000'7040   0x654  Data  Gb  mem.o [8]
rand                     0x800'624d    0x8a  Code  Gb  rand.o [9]
reassdatagrams          0x2000'83c4     0x4  Data  Lc  ip4_frag.o [8]
recv_acked              0x2000'8466     0x2  Data  Lc  tcp_in.o [8]
recv_data               0x2000'8440     0x4  Data  Lc  tcp_in.o [8]
recv_flags              0x2000'8472     0x1  Data  Lc  tcp_in.o [8]
scalbln                  0x800'7bd1          Code  Gb  ldexp.o [10]
scalblnl                 0x800'7bd1          Code  Gb  ldexp.o [10]
scalbn                   0x800'7bd1          Code  Gb  ldexp.o [10]
scalbnl                  0x800'7bd1          Code  Gb  ldexp.o [10]
scale                    0x800'59cd    0x46  Code  Lc  xprintffull_nomb.o [9]
sec_hand                0x2000'8458     0x4  Data  Lc  xfail_s.o [9]
seqno                   0x2000'8438     0x4  Data  Lc  tcp_in.o [8]
strchr                   0x800'7a11          Code  Gb  strchr.o [11]
strlen                   0x800'7a69          Code  Gb  strlen.o [11]
sys_now                  0x800'6917     0x8  Code  Gb  ethernetif.o [4]
sys_timeout              0x800'47dd    0x2e  Code  Gb  timeouts.o [8]
sys_timeout_abs          0x800'4715    0x72  Code  Lc  timeouts.o [8]
sys_timeouts_init        0x800'47bf    0x1e  Code  Gb  timeouts.o [8]
tcp_abandon              0x800'284f   0x10e  Code  Gb  tcp.o [8]
tcp_abort                0x800'295d     0xa  Code  Gb  tcp.o [8]
tcp_active_pcbs         0x2000'8428     0x4  Data  Gb  tcp.o [8]
tcp_active_pcbs_changed
                        0x2000'846e     0x1  Data  Gb  tcp.o [8]
tcp_alloc                0x800'3271    0xc0  Code  Gb  tcp.o [8]
tcp_backoff              0x800'd008    0x10  Data  Lc  tcp.o [8]
tcp_bound_pcbs          0x2000'8420     0x4  Data  Gb  tcp.o [8]
tcp_close                0x800'2819    0x36  Code  Gb  tcp.o [8]
tcp_close_shutdown       0x800'2639   0x144  Code  Lc  tcp.o [8]
tcp_close_shutdown_fin   0x800'277d    0x9c  Code  Lc  tcp.o [8]
tcp_create_segment       0x800'366d   0x11c  Code  Lc  tcp_out.o [8]
tcp_eff_send_mss_netif   0x800'34a5    0x54  Code  Gb  tcp.o [8]
tcp_enqueue_flags        0x800'39f9   0x182  Code  Gb  tcp_out.o [8]
tcp_fasttmr              0x800'2f59    0x7e  Code  Gb  tcp.o [8]
tcp_free                 0x800'254f    0x26  Code  Gb  tcp.o [8]
tcp_free_acked_segments
                         0x800'0fe9    0xae  Code  Lc  tcp_in.o [8]
tcp_free_listen          0x800'2575    0x26  Code  Lc  tcp.o [8]
tcp_free_ooseq           0x800'3601    0x16  Code  Gb  tcp.o [8]
tcp_get_next_optbyte     0x800'1aab    0x3a  Code  Lc  tcp_in.o [8]
tcp_handle_closepend     0x800'3237    0x28  Code  Lc  tcp.o [8]
tcp_init                 0x800'2539    0x16  Code  Gb  tcp.o [8]
tcp_input                0x800'0189   0x5b0  Code  Gb  tcp_in.o [8]
tcp_input_delayed_close
                         0x800'0739    0x56  Code  Lc  tcp_in.o [8]
tcp_input_pcb           0x2000'8444     0x4  Data  Gb  tcp_in.o [8]
tcp_keepalive            0x800'44f9    0x5a  Code  Gb  tcp_out.o [8]
tcp_kill_prio            0x800'313f    0x60  Code  Lc  tcp.o [8]
tcp_kill_state           0x800'319f    0x66  Code  Lc  tcp.o [8]
tcp_kill_timewait        0x800'3205    0x32  Code  Lc  tcp.o [8]
tcp_listen_closed        0x800'25e7    0x52  Code  Lc  tcp.o [8]
tcp_listen_input         0x800'078f   0x13c  Code  Lc  tcp_in.o [8]
tcp_listen_pcbs         0x2000'8424     0x4  Data  Gb  tcp.o [8]
tcp_netif_ip_addr_changed
                         0x800'3541    0x48  Code  Gb  tcp.o [8]
tcp_netif_ip_addr_changed_pcblist
                         0x800'3501    0x36  Code  Lc  tcp.o [8]
tcp_next_iss             0x800'3471    0x24  Code  Gb  tcp.o [8]
tcp_next_iss::iss       0x2000'001c     0x4  Data  Lc  tcp.o [8]
tcp_oos_insert_segment   0x800'0f39    0xa0  Code  Lc  tcp_in.o [8]
tcp_optidx              0x2000'8464     0x2  Data  Lc  tcp_in.o [8]
tcp_output               0x800'3b7d   0x2b8  Code  Gb  tcp_out.o [8]
tcp_output_alloc_header
                         0x800'427d    0x50  Code  Lc  tcp_out.o [8]
tcp_output_alloc_header_common
                         0x800'41cd    0xb0  Code  Lc  tcp_out.o [8]
tcp_output_control_segment
                         0x800'4349    0x62  Code  Lc  tcp_out.o [8]
tcp_output_fill_options
                         0x800'42d9    0x6a  Code  Lc  tcp_out.o [8]
tcp_output_segment       0x800'3e61   0x158  Code  Lc  tcp_out.o [8]
tcp_output_segment_busy
                         0x800'3e35    0x2c  Code  Lc  tcp_out.o [8]
tcp_parseopt             0x800'1ae9    0x9c  Code  Lc  tcp_in.o [8]
tcp_pcb_lists            0x800'd018    0x10  Data  Gb  tcp.o [8]
tcp_pcb_purge            0x800'3331    0x68  Code  Gb  tcp.o [8]
tcp_pcb_remove           0x800'33a9    0xc2  Code  Gb  tcp.o [8]
tcp_persist_backoff      0x800'd1a8     0x8  Data  Lc  tcp.o [8]
tcp_port                0x2000'00b0     0x2  Data  Lc  tcp.o [8]
tcp_process              0x800'0999   0x582  Code  Lc  tcp_in.o [8]
tcp_process_refused_data
                         0x800'2fd7    0xb0  Code  Gb  tcp.o [8]
tcp_receive              0x800'10e1   0x9ca  Code  Lc  tcp_in.o [8]
tcp_recv_null            0x800'30f9    0x44  Code  Gb  tcp.o [8]
tcp_recved               0x800'29e1    0x76  Code  Gb  tcp.o [8]
tcp_remove_listener      0x800'25b7    0x30  Code  Lc  tcp.o [8]
tcp_rexmit               0x800'40b5    0x92  Code  Gb  tcp_out.o [8]
tcp_rexmit_fast          0x800'4147    0x84  Code  Gb  tcp_out.o [8]
tcp_rexmit_rto           0x800'4085    0x2e  Code  Gb  tcp_out.o [8]
tcp_rexmit_rto_commit    0x800'404f    0x36  Code  Gb  tcp_out.o [8]
tcp_rexmit_rto_prepare   0x800'3fb9    0x96  Code  Gb  tcp_out.o [8]
tcp_route                0x800'3651    0x1c  Code  Lc  tcp_out.o [8]
tcp_rst                  0x800'43b1    0x8c  Code  Gb  tcp_out.o [8]
tcp_seg_copy             0x800'30b7    0x42  Code  Gb  tcp.o [8]
tcp_seg_free             0x800'3099    0x1e  Code  Gb  tcp.o [8]
tcp_segs_free            0x800'3087    0x12  Code  Gb  tcp.o [8]
tcp_send_empty_ack       0x800'4441    0xaa  Code  Gb  tcp_out.o [8]
tcp_send_fin             0x800'3985    0x5e  Code  Gb  tcp_out.o [8]
tcp_slowtmr              0x800'2aa1   0x4a6  Code  Gb  tcp.o [8]
tcp_split_unsent_seg     0x800'3789   0x1fc  Code  Gb  tcp_out.o [8]
tcp_ticks               0x2000'841c     0x4  Data  Gb  tcp.o [8]
tcp_timer               0x2000'846f     0x1  Data  Lc  tcp.o [8]
tcp_timer_ctr           0x2000'8470     0x1  Data  Lc  tcp.o [8]
tcp_timer_needed         0x800'46eb    0x2a  Code  Gb  timeouts.o [8]
tcp_timewait_input       0x800'08cb    0xa0  Code  Lc  tcp_in.o [8]
tcp_tmr                  0x800'259b    0x1c  Code  Gb  tcp.o [8]
tcp_trigger_input_pcb_close
                         0x800'1b85     0xc  Code  Gb  tcp_in.o [8]
tcp_tw_pcbs             0x2000'842c     0x4  Data  Gb  tcp.o [8]
tcp_update_rcv_ann_wnd   0x800'2967    0x7a  Code  Gb  tcp.o [8]
tcp_zero_window_probe    0x800'4565    0xf0  Code  Gb  tcp_out.o [8]
tcphdr                  0x2000'8430     0x4  Data  Lc  tcp_in.o [8]
tcphdr_opt1len          0x2000'8462     0x2  Data  Lc  tcp_in.o [8]
tcphdr_opt2             0x2000'8434     0x4  Data  Lc  tcp_in.o [8]
tcphdr_optlen           0x2000'8460     0x2  Data  Lc  tcp_in.o [8]
tcpip_tcp_timer          0x800'46c1    0x2a  Code  Lc  timeouts.o [8]
tcpip_tcp_timer_active  0x2000'8450     0x4  Data  Lc  timeouts.o [8]
tcplen                  0x2000'8468     0x2  Data  Lc  tcp_in.o [8]
udp_init                 0x800'74e5    0x16  Code  Gb  udp.o [8]
udp_input                0x800'759b   0x1b4  Code  Gb  udp.o [8]
udp_input_local_match    0x800'74fb    0xa0  Code  Lc  udp.o [8]
udp_netif_ip_addr_changed
                         0x800'774f    0x32  Code  Gb  udp.o [8]
udp_pcbs                0x2000'8454     0x4  Data  Gb  udp.o [8]
udp_port                0x2000'00b2     0x2  Data  Lc  udp.o [8]
uwTick                  0x2000'8418     0x4  Data  Gb  stm32f4xx_hal.o [7]
uwTickFreq              0x2000'00b4     0x1  Data  Gb  stm32f4xx_hal.o [7]
uwTickPrio              0x2000'0014     0x4  Data  Gb  stm32f4xx_hal.o [7]


[1] = G:\shbashka\enthernet_prj\EWARM\enthernet_prj\Obj\Application\EWARM
[2] = G:\shbashka\enthernet_prj\EWARM\enthernet_prj\Obj\Application\User\Core
[3] = G:\shbashka\enthernet_prj\EWARM\enthernet_prj\Obj\Application\User\LWIP\App
[4] = G:\shbashka\enthernet_prj\EWARM\enthernet_prj\Obj\Application\User\LWIP\Target
[5] = G:\shbashka\enthernet_prj\EWARM\enthernet_prj\Obj\Drivers\BSP\Components
[6] = G:\shbashka\enthernet_prj\EWARM\enthernet_prj\Obj\Drivers\CMSIS
[7] = G:\shbashka\enthernet_prj\EWARM\enthernet_prj\Obj\Drivers\STM32F4xx_HAL_Driver
[8] = G:\shbashka\enthernet_prj\EWARM\enthernet_prj\Obj\Middlewares\LwIP
[9] = dl7M_tlf.a
[10] = m7M_tls.a
[11] = rt7M_tl.a
[12] = shb_l.a

  45'023 bytes of readonly  code memory
   9'134 bytes of readonly  data memory
  42'096 bytes of readwrite data memory

Errors: none
Warnings: none
